[09:08:04] [ServerMain/INFO]: [bootstrap] Running Java 25 (OpenJDK 64-Bit Server VM 25.0.1+8-27; Oracle Corporation null) on Mac OS X 26.3.1 (aarch64)
[09:08:04] [ServerMain/INFO]: [bootstrap] Loading Paper 1.21.11-130-ver/1.21.11@c5a2736 (2026-04-11T11:14:19Z) for Minecraft 1.21.11
[09:08:04] [ServerMain/INFO]: [PluginInitializerManager] Initializing plugins...
[09:08:04] [ServerMain/INFO]: [PluginInitializerManager] Initialized 4 plugins
[09:08:04] [ServerMain/INFO]: [PluginInitializerManager] Bukkit plugins (4):
 - BedWars1058 (25.2), Essentials (2.22.0-dev+104-87bde72), ViaBackwards (5.8.1), ViaVersion (5.8.1)
[09:08:06] [ServerMain/INFO]: Environment: Environment[sessionHost=https://sessionserver.mojang.com, servicesHost=https://api.minecraftservices.com, profilesHost=https://api.mojang.com, name=PROD]
[09:08:06] [ServerMain/INFO]: Found new data pack file/bukkit, loading it automatically
[09:08:06] [ServerMain/INFO]: Found new data pack paper, loading it automatically
[09:08:06] [ServerMain/INFO]: No existing world data, creating new world
[09:08:06] [ServerMain/INFO]: Loaded 1470 recipes
[09:08:06] [ServerMain/INFO]: Loaded 1584 advancements
[09:08:06] [ServerMain/INFO]: [ca.spottedleaf.dataconverter.minecraft.datatypes.MCTypeRegistry] Initialising converters for DataConverter...
[09:08:07] [ServerMain/INFO]: [ca.spottedleaf.dataconverter.minecraft.datatypes.MCTypeRegistry] Finished initialising converters for DataConverter in 166,0ms
[09:08:07] [Server thread/INFO]: Starting minecraft server version 1.21.11
[09:08:07] [Server thread/INFO]: Loading properties
[09:08:07] [Server thread/INFO]: This server is running Paper version 1.21.11-130-ver/1.21.11@c5a2736 (2026-04-11T11:14:19Z) (Implementing API version 1.21.11-R0.1-SNAPSHOT)
[09:08:07] [Server thread/INFO]: [spark] This server bundles the spark profiler. For more information please visit https://docs.papermc.io/paper/profiling
[09:08:07] [Server thread/INFO]: Using 4 threads for Netty based IO
[09:08:07] [Server thread/INFO]: Server Ping Player Sample Count: 12
[09:08:07] [Server thread/INFO]: [MoonriseCommon] Paper is using 2 worker threads, 1 I/O threads
[09:08:07] [Server thread/INFO]: Default game type: SURVIVAL
[09:08:07] [Server thread/INFO]: Generating keypair
[09:08:07] [Server thread/INFO]: Starting Minecraft server on *:25565
[09:08:07] [Server thread/INFO]: Paper: Using libdeflate (macOS ARM64 / Apple Silicon) compression from Velocity.
[09:08:07] [Server thread/INFO]: Paper: Using native (macOS ARM64 / Apple Silicon) cipher from Velocity.
[09:08:07] [Server thread/INFO]: [ViaVersion] Loading server plugin ViaVersion v5.8.1
[09:08:07] [Server thread/INFO]: [ViaVersion] ViaVersion 5.8.1 is now loaded. Registering protocol transformers and injecting...
[09:08:08] [Via-Mappingloader-1/INFO]: [ViaVersion] Loading block connection mappings ...
[09:08:08] [Via-Mappingloader-1/INFO]: [ViaVersion] Using FastUtil Long2ObjectOpenHashMap for block connections
[09:08:08] [Server thread/INFO]: [ViaBackwards] Loading translations...
[09:08:08] [Server thread/INFO]: [ViaBackwards] Registering protocols...
[09:08:08] [Server thread/INFO]: [BedWars1058] Loading server plugin BedWars1058 v25.2
[09:08:08] [Server thread/ERROR]: [BedWars1058] I can't run on your version: CraftServer
[09:08:08] [Server thread/INFO]: [ViaBackwards] Loading server plugin ViaBackwards v5.8.1
[09:08:08] [Server thread/INFO]: [Essentials] Loading server plugin Essentials v2.22.0-dev+104-87bde72
[09:08:08] [Server thread/INFO]: Preparing level "world"
[09:08:08] [Server thread/INFO]: Selecting spawn point for world 'minecraft:overworld'...
[09:08:10] [Server thread/INFO]: Selecting spawn point for world 'minecraft:the_nether'...
[09:08:10] [Server thread/INFO]: Selecting spawn point for world 'minecraft:the_end'...
[09:08:10] [Server thread/INFO]: Loading 0 persistent chunks for world 'minecraft:overworld'...
[09:08:10] [Server thread/INFO]: Preparing spawn area: 100%
[09:08:10] [Server thread/INFO]: Prepared spawn area in 2225 ms
[09:08:10] [Server thread/INFO]: Loading 0 persistent chunks for world 'minecraft:the_nether'...
[09:08:10] [Server thread/INFO]: Preparing spawn area: 100%
[09:08:10] [Server thread/INFO]: Prepared spawn area in 759 ms
[09:08:10] [Server thread/INFO]: Loading 0 persistent chunks for world 'minecraft:the_end'...
[09:08:10] [Server thread/INFO]: Preparing spawn area: 100%
[09:08:10] [Server thread/INFO]: Prepared spawn area in 109 ms
[09:08:10] [Server thread/INFO]: Done preparing level "world" (2.348s)
[09:08:10] [Server thread/INFO]: [ViaVersion] Enabling ViaVersion v5.8.1
[09:08:10] [Server thread/INFO]: [ViaVersion] ViaVersion detected server version: 1.21.11 (774)
[09:08:10] [Server thread/INFO]: [BedWars1058] Enabling BedWars1058 v25.2
[09:08:10] [Server thread/INFO]: [BedWars1058] Disabling BedWars1058 v25.2
[09:08:10] [Server thread/INFO]: [ViaBackwards] Enabling ViaBackwards v5.8.1
[09:08:10] [Server thread/INFO]: [Essentials] Enabling Essentials v2.22.0-dev+104-87bde72
[09:08:10] [Server thread/WARN]: [Essentials] Beginning Adventure locale file conversion.
[09:08:10] [Server thread/INFO]: [Essentials] Creating config from template: plugins/Essentials/config.yml
[09:08:10] [Server thread/WARN]: [Essentials] Missing userdata folder, aborting
[09:08:10] [Server thread/INFO]: [Essentials] Bezig met aanmaken van een config vanaf sjabloon: plugins/Essentials/kits.yml
[09:08:10] [Server thread/INFO]: [Essentials] Attempting to convert old kits in config.yml to new kits.yml
[09:08:10] [Server thread/INFO]: [Essentials] No kits found to migrate.
[09:08:10] [Server thread/INFO]: [Essentials] Starting Essentials ban format conversion
[09:08:10] [Server thread/INFO]: [Essentials] Attempting to migrate ignore list to UUIDs
[09:08:10] [Server thread/INFO]: [Essentials] Attempting to migrate legacy userdata keys to Configurate
[09:08:10] [Server thread/INFO]: [Essentials] Done converting random teleport config.
[09:08:10] [Server thread/INFO]: [Essentials] Bezig met aanmaken van een config vanaf sjabloon: plugins/Essentials/worth.yml
[09:08:11] [Server thread/INFO]: [Essentials] Selected Paper Container Provider as the provider for ContainerProvider
[09:08:11] [Server thread/INFO]: [Essentials] Selected 1.8.3+ Spawner Item Provider as the provider for SpawnerItemProvider
[09:08:11] [Server thread/INFO]: [Essentials] Selected 1.17.1+ World Info Provider as the provider for WorldInfoProvider
[09:08:11] [Server thread/INFO]: [Essentials] Selected 1.20.4+ Damage Event Provider as the provider for DamageEventProvider
[09:08:11] [Server thread/INFO]: [Essentials] Selected 1.21+ InventoryView Interface ABI Provider as the provider for InventoryViewProvider
[09:08:11] [Server thread/INFO]: [Essentials] Selected Legacy Biome Name Provider as the provider for BiomeNameProvider
[09:08:11] [Server thread/INFO]: [Essentials] Selected 1.11+ Item Unbreakable Provider as the provider for ItemUnbreakableProvider
[09:08:11] [Server thread/INFO]: [Essentials] Selected Paper Serialization Provider as the provider for SerializationProvider
[09:08:11] [Server thread/INFO]: [Essentials] Selected Paper Material Tag Provider as the provider for MaterialTagProvider
[09:08:11] [Server thread/INFO]: [Essentials] Selected 1.12+ Spawner Block Provider as the provider for SpawnerBlockProvider
[09:08:11] [Server thread/INFO]: [Essentials] Selected 1.21.4+ Sync Commands Provider as the provider for SyncCommandsProvider
[09:08:11] [Server thread/INFO]: [Essentials] Selected 1.14+ Sign Data Provider as the provider for SignDataProvider
[09:08:11] [Server thread/INFO]: [Essentials] Selected 1.14.4+ Persistent Data Container Provider as the provider for PersistentDataProvider
[09:08:11] [Server thread/INFO]: [Essentials] Selected Paper 1.13+ Tile Entity Provider as the provider for TileEntityProvider
[09:08:11] [Server thread/INFO]: [Essentials] Selected Reflection Formatted Command Alias Provider as the provider for FormattedCommandAliasProvider
[09:08:11] [Server thread/INFO]: [Essentials] Selected Paper Server State Provider as the provider for ServerStateProvider
[09:08:11] [Server thread/INFO]: [Essentials] Selected 1.13+ Spawn Egg Provider as the provider for SpawnEggProvider
[09:08:11] [Server thread/INFO]: [Essentials] Selected 1.20.6+ Potion Meta Provider as the provider for PotionMetaProvider
[09:08:11] [Server thread/INFO]: [Essentials] Selected 1.12.2+ Player Locale Provider as the provider for PlayerLocaleProvider
[09:08:11] [Server thread/INFO]: [Essentials] Selected 1.20.5+ Banner Data Provider as the provider for BannerDataProvider
[09:08:11] [Server thread/INFO]: [Essentials] Selected Paper Biome Key Provider as the provider for BiomeKeyProvider
[09:08:11] [Server thread/INFO]: [Essentials] Selected Paper Known Commands Provider as the provider for KnownCommandsProvider
[09:08:11] [Server thread/INFO]: [Essentials] Selected Paper Tick Count Provider as the provider for TickCountProvider
[09:08:11] [Server thread/INFO]: [Essentials] Selected Reflection Online Mode Provider as the provider for OnlineModeProvider
[09:08:11] [Server thread/INFO]: [Essentials] Bezig met aanmaken van een config vanaf sjabloon: plugins/Essentials/tpr.yml
[09:08:11] [Server thread/INFO]: [Essentials] Loaded 46312 items from items.json.
[09:08:11] [Server thread/INFO]: [Essentials] Bezig met aanmaken van een config vanaf sjabloon: plugins/Essentials/custom_items.yml
[09:08:11] [Server thread/INFO]: [Essentials] Using locale nl_NL
[09:08:11] [Server thread/INFO]: [Essentials] ServerListPingEvent: Spigot iterator API
[09:08:11] [Server thread/INFO]: [Essentials] Starting Metrics. Opt-out using the global bStats config.
[09:08:11] [Server thread/INFO]: [Essentials] Using superperms-based permissions.
[09:08:11] [Server thread/INFO]: [spark] Starting background profiler...
[09:08:11] [Server thread/INFO]: Running delayed init tasks
[09:08:11] [Craft Scheduler Thread - 1 - Essentials/INFO]: [Essentials] Versie-informatie ophalen...
[09:08:11] [Craft Scheduler Thread - 2 - ViaVersion/INFO]: [ViaVersion] Finished mapping loading, shutting down loader executor.
[09:08:11] [Server thread/INFO]: Done (7.648s)! For help, type "help"
[09:08:15] [User Authenticator #0/INFO]: UUID of player Jay_V0 is 9c61a572-30f1-42cb-a4d4-baf9f91471ee
[09:08:17] [Server thread/WARN]: [Essentials] File motd.txt does not exist. Creating one for you.
[09:08:17] [Server thread/INFO]: Jay_V0 joined the game
[09:08:17] [Server thread/INFO]: Jay_V0[/127.0.0.1:55072] logged in with entity id 26 at ([world]4.5, 64.0, -6.5)
[09:08:23] [Server thread/INFO]: Made Jay_V0 a server operator
[09:08:25] [Server thread/INFO]: Jay_V0 issued server command: /bedwars
[09:08:30] [Server thread/INFO]: Jay_V0 issued server command: /gamemode creative
[09:08:34] [Server thread/INFO]: Jay_V0 issued server command: /beezooka
[09:08:42] [Server thread/INFO]: Jay_V0 issued server command: /plugins
[09:08:43] [Server thread/INFO]: Jay_V0 issued server command: /version BedWars1058
[09:09:03] [Server thread/INFO]: Jay_V0 issued server command: /bw
[09:09:06] [Server thread/INFO]: Jay_V0 lost connection: Disconnected
[09:09:06] [Server thread/INFO]: Jay_V0 left the game
[09:30:17] [Server console handler/ERROR]: Caught previously unhandled exception :
java.io.IOError: java.io.IOException: Input/output error
	at org.jline.keymap.BindingReader.readCharacter(BindingReader.java:170) ~[jline-reader-3.20.0.jar:?]
	at org.jline.keymap.BindingReader.readBinding(BindingReader.java:110) ~[jline-reader-3.20.0.jar:?]
	at org.jline.keymap.BindingReader.readBinding(BindingReader.java:61) ~[jline-reader-3.20.0.jar:?]
	at org.jline.reader.impl.LineReaderImpl.doReadBinding(LineReaderImpl.java:923) ~[jline-reader-3.20.0.jar:?]
	at org.jline.reader.impl.LineReaderImpl.readBinding(LineReaderImpl.java:956) ~[jline-reader-3.20.0.jar:?]
	at org.jline.reader.impl.LineReaderImpl.readLine(LineReaderImpl.java:651) ~[jline-reader-3.20.0.jar:?]
	at org.jline.reader.impl.LineReaderImpl.readLine(LineReaderImpl.java:468) ~[jline-reader-3.20.0.jar:?]
	at net.minecrell.terminalconsole.SimpleTerminalConsole.readCommands(SimpleTerminalConsole.java:158) ~[terminalconsoleappender-1.3.0.jar:?]
	at net.minecrell.terminalconsole.SimpleTerminalConsole.start(SimpleTerminalConsole.java:141) ~[terminalconsoleappender-1.3.0.jar:?]
	at net.minecraft.server.dedicated.DedicatedServer$1.run(DedicatedServer.java:198) ~[paper-1.21.11.jar:1.21.11-130-c5a2736]
Caused by: java.io.IOException: Input/output error
	at java.base/java.io.FileInputStream.read0(Native Method) ~[?:?]
	at java.base/java.io.FileInputStream.read(FileInputStream.java:201) ~[?:?]
	at java.base/java.io.FilterInputStream.read(FilterInputStream.java:71) ~[?:?]
	at org.jline.terminal.impl.AbstractPty$1.read(AbstractPty.java:58) ~[jline-terminal-3.27.1.jar:?]
	at org.jline.terminal.impl.AbstractPty$PtyInputStream.read(AbstractPty.java:124) ~[jline-terminal-3.27.1.jar:?]
	at org.jline.utils.NonBlockingInputStream.read(NonBlockingInputStream.java:62) ~[jline-terminal-3.27.1.jar:?]
	at org.jline.utils.NonBlocking$NonBlockingInputStreamReader.read(NonBlocking.java:157) ~[jline-terminal-3.27.1.jar:?]
	at org.jline.utils.NonBlockingReader.read(NonBlockingReader.java:56) ~[jline-terminal-3.27.1.jar:?]
	at org.jline.keymap.BindingReader.readCharacter(BindingReader.java:160) ~[jline-reader-3.20.0.jar:?]
	... 9 more
[09:30:17] [Server thread/INFO]: Stopping server
[09:30:17] [Server thread/INFO]: [Essentials] Disabling Essentials v2.22.0-dev+104-87bde72
[09:30:17] [Server thread/INFO]: [ViaBackwards] Disabling ViaBackwards v5.8.1
[09:30:17] [Server thread/INFO]: [ViaVersion] Disabling ViaVersion v5.8.1
[09:30:17] [Server thread/INFO]: [ViaVersion] ViaVersion has been disabled; uninjected the platform and shut down the scheduler.
[09:30:18] [Server thread/INFO]: Saving players
[09:30:18] [Server thread/INFO]: Saving worlds
[09:30:18] [Server thread/INFO]: Saving chunks for level 'ServerLevel[world]'/minecraft:overworld
[09:30:18] [Server thread/INFO]: [ChunkHolderManager] Waiting 60s for chunk system to halt for world 'world'
[09:30:18] [Server thread/INFO]: [ChunkHolderManager] Halted chunk system for world 'world'
[09:30:18] [Server thread/INFO]: [ChunkHolderManager] Saving all chunkholders for world 'world'
[09:30:18] [Server thread/INFO]: [ChunkHolderManager] Saved 0 block chunks, 0 entity chunks, 0 poi chunks in world 'world' in 0,01s
[09:30:18] [Server thread/INFO]: [ChunkHolderManager] Waiting 60s for chunk I/O to halt for world 'world'
[09:30:18] [Server thread/INFO]: [ChunkHolderManager] Halted I/O scheduler for world 'world'
[09:30:18] [Server thread/INFO]: Saving chunks for level 'ServerLevel[world_nether]'/minecraft:the_nether
[09:30:18] [Server thread/INFO]: [ChunkHolderManager] Waiting 60s for chunk system to halt for world 'world_nether'
[09:30:18] [Server thread/INFO]: [ChunkHolderManager] Halted chunk system for world 'world_nether'
[09:30:18] [Server thread/INFO]: [ChunkHolderManager] Saving all chunkholders for world 'world_nether'
[09:30:18] [Server thread/INFO]: [ChunkHolderManager] Saved 0 block chunks, 0 entity chunks, 0 poi chunks in world 'world_nether' in 0,00s
[09:30:18] [Server thread/INFO]: [ChunkHolderManager] Waiting 60s for chunk I/O to halt for world 'world_nether'
[09:30:18] [Server thread/INFO]: [ChunkHolderManager] Halted I/O scheduler for world 'world_nether'
[09:30:18] [Server thread/INFO]: Saving chunks for level 'ServerLevel[world_the_end]'/minecraft:the_end
[09:30:18] [Server thread/INFO]: [ChunkHolderManager] Waiting 60s for chunk system to halt for world 'world_the_end'
[09:30:18] [Server thread/INFO]: [ChunkHolderManager] Halted chunk system for world 'world_the_end'
[09:30:18] [Server thread/INFO]: [ChunkHolderManager] Saving all chunkholders for world 'world_the_end'
[09:30:18] [Server thread/INFO]: [ChunkHolderManager] Saved 0 block chunks, 0 entity chunks, 0 poi chunks in world 'world_the_end' in 0,00s
[09:30:18] [Server thread/INFO]: [ChunkHolderManager] Waiting 60s for chunk I/O to halt for world 'world_the_end'
[09:30:18] [Server thread/INFO]: [ChunkHolderManager] Halted I/O scheduler for world 'world_the_end'
[09:30:18] [Server thread/INFO]: ThreadedAnvilChunkStorage (world): All chunks are saved
[09:30:18] [Server thread/INFO]: ThreadedAnvilChunkStorage (DIM-1): All chunks are saved
[09:30:18] [Server thread/INFO]: ThreadedAnvilChunkStorage (DIM1): All chunks are saved
[09:30:18] [Server thread/INFO]: ThreadedAnvilChunkStorage: All dimensions are saved
[09:30:18] [Server thread/INFO]: Waiting for all RegionFile I/O tasks to complete...
[09:30:18] [Server thread/INFO]: All RegionFile I/O tasks to complete
[09:30:18] [Server thread/INFO]: [MoonriseCommon] Awaiting termination of worker pool for up to 60s...
[09:30:18] [Server thread/INFO]: [MoonriseCommon] Awaiting termination of I/O pool for up to 60s...
