[09:06:02] [ServerMain/INFO]: [bootstrap] Running Java 25 (OpenJDK 64-Bit Server VM 25.0.1+8-27; Oracle Corporation null) on Mac OS X 26.3.1 (aarch64)
[09:06:02] [ServerMain/INFO]: [bootstrap] Loading Paper 1.21.11-130-ver/1.21.11@c5a2736 (2026-04-11T11:14:19Z) for Minecraft 1.21.11
[09:06:02] [ServerMain/INFO]: [PluginInitializerManager] Initializing plugins...
[09:06:02] [ServerMain/INFO]: [PluginInitializerManager] Initialized 5 plugins
[09:06:02] [ServerMain/INFO]: [PluginInitializerManager] Bukkit plugins (5):
 - Essentials (2.22.0-dev+104-87bde72), SkyWars (1.0.0), ViaBackwards (5.8.1), ViaVersion (5.8.1), WorldEdit (7.4.2+7450-eb8e82c)
[09:06:04] [ServerMain/INFO]: Environment: Environment[sessionHost=https://sessionserver.mojang.com, servicesHost=https://api.minecraftservices.com, profilesHost=https://api.mojang.com, name=PROD]
[09:06:04] [ServerMain/INFO]: Found new data pack file/bukkit, loading it automatically
[09:06:04] [ServerMain/INFO]: Found new data pack paper, loading it automatically
[09:06:04] [ServerMain/INFO]: No existing world data, creating new world
[09:06:05] [ServerMain/INFO]: Loaded 1470 recipes
[09:06:05] [ServerMain/INFO]: Loaded 1584 advancements
[09:06:05] [ServerMain/INFO]: [ca.spottedleaf.dataconverter.minecraft.datatypes.MCTypeRegistry] Initialising converters for DataConverter...
[09:06:05] [ServerMain/INFO]: [ca.spottedleaf.dataconverter.minecraft.datatypes.MCTypeRegistry] Finished initialising converters for DataConverter in 205,3ms
[09:06:05] [Server thread/INFO]: Starting minecraft server version 1.21.11
[09:06:05] [Server thread/INFO]: Loading properties
[09:06:05] [Server thread/INFO]: This server is running Paper version 1.21.11-130-ver/1.21.11@c5a2736 (2026-04-11T11:14:19Z) (Implementing API version 1.21.11-R0.1-SNAPSHOT)
[09:06:05] [Server thread/INFO]: [spark] This server bundles the spark profiler. For more information please visit https://docs.papermc.io/paper/profiling
[09:06:05] [Server thread/INFO]: Server Ping Player Sample Count: 12
[09:06:05] [Server thread/INFO]: Using 4 threads for Netty based IO
[09:06:05] [Server thread/INFO]: [MoonriseCommon] Paper is using 2 worker threads, 1 I/O threads
[09:06:05] [Server thread/INFO]: Default game type: SURVIVAL
[09:06:05] [Server thread/INFO]: Generating keypair
[09:06:05] [Server thread/INFO]: Starting Minecraft server on *:25565
[09:06:06] [Server thread/INFO]: Paper: Using libdeflate (macOS ARM64 / Apple Silicon) compression from Velocity.
[09:06:06] [Server thread/INFO]: Paper: Using native (macOS ARM64 / Apple Silicon) cipher from Velocity.
[09:06:06] [Server thread/WARN]: [org.bukkit.craftbukkit.legacy.CraftLegacy] Initializing Legacy Material Support. Unless you have legacy plugins and/or data this is a bug!
[09:06:10] [Server thread/WARN]: Legacy plugin SkyWars v1.0.0 does not specify an api-version.
[09:06:10] [Server thread/INFO]: [ViaVersion] Loading server plugin ViaVersion v5.8.1
[09:06:10] [Server thread/INFO]: [ViaVersion] ViaVersion 5.8.1 is now loaded. Registering protocol transformers and injecting...
[09:06:10] [Via-Mappingloader-1/INFO]: [ViaVersion] Loading block connection mappings ...
[09:06:10] [Via-Mappingloader-1/INFO]: [ViaVersion] Using FastUtil Long2ObjectOpenHashMap for block connections
[09:06:10] [Server thread/INFO]: [ViaBackwards] Loading translations...
[09:06:10] [Server thread/INFO]: [ViaBackwards] Registering protocols...
[09:06:10] [Server thread/INFO]: [SkyWars] Loading server plugin SkyWars v1.0.0
[09:06:10] [Server thread/INFO]: [ViaBackwards] Loading server plugin ViaBackwards v5.8.1
[09:06:10] [Server thread/INFO]: [Essentials] Loading server plugin Essentials v2.22.0-dev+104-87bde72
[09:06:10] [Server thread/INFO]: [WorldEdit] Loading server plugin WorldEdit v7.4.2+7450-eb8e82c
[09:06:10] [Server thread/INFO]: Got request to register class com.sk89q.worldedit.bukkit.BukkitServerInterface with WorldEdit [com.sk89q.worldedit.extension.platform.PlatformManager@2ba43cb7]
[09:06:10] [Server thread/INFO]: [WorldEdit] Default configuration file written: config.yml
[09:06:10] [Server thread/INFO]: [WorldEdit] Enabling WorldEdit v7.4.2+7450-eb8e82c
[09:06:10] [Server thread/INFO]: Registering commands with com.sk89q.worldedit.bukkit.BukkitServerInterface
[09:06:10] [Server thread/INFO]: WEPIF: Updated config file
[09:06:10] [Server thread/INFO]: WEPIF: Using the Bukkit Permissions API.
[09:06:11] [Server thread/INFO]: Using com.sk89q.worldedit.bukkit.adapter.impl.v1_21_11.PaperweightAdapter as the Bukkit adapter
[09:06:11] [Server thread/INFO]: Preparing level "world"
[09:06:11] [Server thread/INFO]: Selecting spawn point for world 'minecraft:overworld'...
[09:06:13] [Server thread/INFO]: Selecting spawn point for world 'minecraft:the_nether'...
[09:06:14] [Server thread/INFO]: Selecting spawn point for world 'minecraft:the_end'...
[09:06:14] [Server thread/INFO]: Loading 0 persistent chunks for world 'minecraft:overworld'...
[09:06:14] [Server thread/INFO]: Preparing spawn area: 100%
[09:06:14] [Server thread/INFO]: Prepared spawn area in 3016 ms
[09:06:14] [Server thread/INFO]: Loading 0 persistent chunks for world 'minecraft:the_nether'...
[09:06:14] [Server thread/INFO]: Preparing spawn area: 100%
[09:06:14] [Server thread/INFO]: Prepared spawn area in 695 ms
[09:06:14] [Server thread/INFO]: Loading 0 persistent chunks for world 'minecraft:the_end'...
[09:06:14] [Server thread/INFO]: Preparing spawn area: 100%
[09:06:14] [Server thread/INFO]: Prepared spawn area in 121 ms
[09:06:14] [Server thread/INFO]: Done preparing level "world" (3.301s)
[09:06:14] [Server thread/INFO]: [ViaVersion] Enabling ViaVersion v5.8.1
[09:06:14] [Server thread/INFO]: [ViaVersion] ViaVersion detected server version: 1.21.11 (774)
[09:06:14] [Server thread/INFO]: [SkyWars] Enabling SkyWars v1.0.0*
[09:06:14] [Server thread/INFO]: [SkyWars] Let go of your earthly tether.
[09:06:14] [Server thread/INFO]: [SkyWars] Enter the void.
[09:06:14] [Server thread/INFO]: [SkyWars] ~Guru Laghima
[09:06:14] [Server thread/INFO]: [SkyWars] config.yml not found, creating!
[09:06:14] [Server thread/INFO]: [SkyWars] customconfig.yml not found, creating!
[09:06:14] [Server thread/INFO]: [SkyWars] config.yml found, loading!
[09:06:14] [Server thread/INFO]: [SkyWars] customconfig.yml found, loading!
[09:06:14] [Server thread/INFO]: [ViaBackwards] Enabling ViaBackwards v5.8.1
[09:06:14] [Server thread/INFO]: [Essentials] Enabling Essentials v2.22.0-dev+104-87bde72
[09:06:14] [Server thread/WARN]: [Essentials] Beginning Adventure locale file conversion.
[09:06:14] [Server thread/INFO]: [Essentials] Creating config from template: plugins/Essentials/config.yml
[09:06:14] [Server thread/WARN]: [Essentials] Missing userdata folder, aborting
[09:06:14] [Server thread/INFO]: [Essentials] Bezig met aanmaken van een config vanaf sjabloon: plugins/Essentials/kits.yml
[09:06:14] [Server thread/INFO]: [Essentials] Attempting to convert old kits in config.yml to new kits.yml
[09:06:14] [Server thread/INFO]: [Essentials] No kits found to migrate.
[09:06:14] [Server thread/INFO]: [Essentials] Starting Essentials ban format conversion
[09:06:14] [Server thread/INFO]: [Essentials] Attempting to migrate ignore list to UUIDs
[09:06:14] [Server thread/INFO]: [Essentials] Attempting to migrate legacy userdata keys to Configurate
[09:06:14] [Server thread/INFO]: [Essentials] Done converting random teleport config.
[09:06:14] [Server thread/INFO]: [Essentials] Bezig met aanmaken van een config vanaf sjabloon: plugins/Essentials/worth.yml
[09:06:14] [Server thread/INFO]: [Essentials] Selected 1.21.4+ Sync Commands Provider as the provider for SyncCommandsProvider
[09:06:14] [Server thread/INFO]: [Essentials] Selected Paper Known Commands Provider as the provider for KnownCommandsProvider
[09:06:14] [Server thread/INFO]: [Essentials] Selected 1.17.1+ World Info Provider as the provider for WorldInfoProvider
[09:06:14] [Server thread/INFO]: [Essentials] Selected 1.13+ Spawn Egg Provider as the provider for SpawnEggProvider
[09:06:14] [Server thread/INFO]: [Essentials] Selected Paper Container Provider as the provider for ContainerProvider
[09:06:14] [Server thread/INFO]: [Essentials] Selected 1.20.5+ Banner Data Provider as the provider for BannerDataProvider
[09:06:14] [Server thread/INFO]: [Essentials] Selected 1.11+ Item Unbreakable Provider as the provider for ItemUnbreakableProvider
[09:06:14] [Server thread/INFO]: [Essentials] Selected 1.21+ InventoryView Interface ABI Provider as the provider for InventoryViewProvider
[09:06:14] [Server thread/INFO]: [Essentials] Selected 1.8.3+ Spawner Item Provider as the provider for SpawnerItemProvider
[09:06:14] [Server thread/INFO]: [Essentials] Selected 1.14+ Sign Data Provider as the provider for SignDataProvider
[09:06:14] [Server thread/INFO]: [Essentials] Selected 1.14.4+ Persistent Data Container Provider as the provider for PersistentDataProvider
[09:06:14] [Server thread/INFO]: [Essentials] Selected Paper Tick Count Provider as the provider for TickCountProvider
[09:06:14] [Server thread/INFO]: [Essentials] Selected 1.12.2+ Player Locale Provider as the provider for PlayerLocaleProvider
[09:06:14] [Server thread/INFO]: [Essentials] Selected Paper Biome Key Provider as the provider for BiomeKeyProvider
[09:06:14] [Server thread/INFO]: [Essentials] Selected Paper Serialization Provider as the provider for SerializationProvider
[09:06:14] [Server thread/INFO]: [Essentials] Selected 1.20.6+ Potion Meta Provider as the provider for PotionMetaProvider
[09:06:14] [Server thread/INFO]: [Essentials] Selected Reflection Online Mode Provider as the provider for OnlineModeProvider
[09:06:14] [Server thread/INFO]: [Essentials] Selected 1.20.4+ Damage Event Provider as the provider for DamageEventProvider
[09:06:14] [Server thread/INFO]: [Essentials] Selected 1.12+ Spawner Block Provider as the provider for SpawnerBlockProvider
[09:06:14] [Server thread/INFO]: [Essentials] Selected Paper Server State Provider as the provider for ServerStateProvider
[09:06:14] [Server thread/INFO]: [Essentials] Selected Paper 1.13+ Tile Entity Provider as the provider for TileEntityProvider
[09:06:14] [Server thread/INFO]: [Essentials] Selected Reflection Formatted Command Alias Provider as the provider for FormattedCommandAliasProvider
[09:06:14] [Server thread/INFO]: [Essentials] Selected Legacy Biome Name Provider as the provider for BiomeNameProvider
[09:06:14] [Server thread/INFO]: [Essentials] Selected Paper Material Tag Provider as the provider for MaterialTagProvider
[09:06:14] [Server thread/INFO]: [Essentials] Bezig met aanmaken van een config vanaf sjabloon: plugins/Essentials/tpr.yml
[09:06:14] [Server thread/INFO]: [Essentials] Loaded 46312 items from items.json.
[09:06:14] [Server thread/INFO]: [Essentials] Bezig met aanmaken van een config vanaf sjabloon: plugins/Essentials/custom_items.yml
[09:06:14] [Server thread/INFO]: [Essentials] Using locale nl_NL
[09:06:14] [Server thread/INFO]: [Essentials] ServerListPingEvent: Spigot iterator API
[09:06:14] [Server thread/INFO]: [Essentials] Starting Metrics. Opt-out using the global bStats config.
[09:06:14] [Server thread/INFO]: [Essentials] Using superperms-based permissions.
[09:06:14] [Server thread/INFO]: [spark] Starting background profiler...
[09:06:15] [Server thread/INFO]: Running delayed init tasks
[09:06:15] [Craft Scheduler Thread - 1 - Essentials/INFO]: [Essentials] Versie-informatie ophalen...
[09:06:15] [Craft Scheduler Thread - 2 - ViaVersion/INFO]: [ViaVersion] Finished mapping loading, shutting down loader executor.
[09:06:15] [Server thread/INFO]: Done (13.382s)! For help, type "help"
[09:06:22] [User Authenticator #0/INFO]: UUID of player Jay_V0 is 9c61a572-30f1-42cb-a4d4-baf9f91471ee
[09:06:24] [Server thread/INFO]: [SkyWars] couldnt find a statsfile for player Jay_V0, creating one!
[09:06:24] [Server thread/WARN]: [Essentials] File motd.txt does not exist. Creating one for you.
[09:06:24] [Server thread/INFO]: Jay_V0 joined the game
[09:06:24] [Server thread/INFO]: Jay_V0[/127.0.0.1:55052] logged in with entity id 28 at ([world]-370.5, 61.0, -345.5)
[09:06:30] [Server thread/INFO]: Jay_V0 issued server command: /skywars
[09:06:34] [Server thread/INFO]: Jay_V0 issued server command: /SkyWars help
[09:06:37] [Server thread/INFO]: Made Jay_V0 a server operator
[09:06:40] [Server thread/INFO]: Jay_V0 issued server command: /skywars
[09:06:44] [Server thread/INFO]: Jay_V0 issued server command: /SkyWars help
[09:06:48] [Server thread/INFO]: Jay_V0 issued server command: /skywars help
[09:06:51] [Server thread/INFO]: Jay_V0 issued server command: /skywars start
[09:06:59] [Server thread/INFO]: Jay_V0 issued server command: /skywars reload
[09:06:59] [Server thread/INFO]: [SkyWars] config.yml found, loading!
[09:06:59] [Server thread/INFO]: [SkyWars] customconfig.yml found, loading!
[09:07:01] [Server thread/INFO]: Jay_V0 issued server command: /skywars join
[09:07:02] [Server thread/WARN]: [SkyWars] Task #14 for SkyWars v1.0.0 generated an exception
java.lang.NoSuchFieldError: Class org.bukkit.Sound does not have member field 'org.bukkit.Sound NOTE_PLING'
	at SkyWars1.0.0.jar//com.sky.isles.Main$1.run(Main.java:746) ~[?:?]
	at org.bukkit.craftbukkit.scheduler.CraftTask.run(CraftTask.java:78) ~[paper-1.21.11.jar:1.21.11-130-c5a2736]
	at org.bukkit.craftbukkit.scheduler.CraftScheduler.mainThreadHeartbeat(CraftScheduler.java:474) ~[paper-1.21.11.jar:1.21.11-130-c5a2736]
	at net.minecraft.server.MinecraftServer.tickChildren(MinecraftServer.java:1756) ~[paper-1.21.11.jar:1.21.11-130-c5a2736]
	at net.minecraft.server.MinecraftServer.tickServer(MinecraftServer.java:1611) ~[paper-1.21.11.jar:1.21.11-130-c5a2736]
	at net.minecraft.server.dedicated.DedicatedServer.tickServer(DedicatedServer.java:427) ~[paper-1.21.11.jar:1.21.11-130-c5a2736]
	at net.minecraft.server.MinecraftServer.processPacketsAndTick(MinecraftServer.java:1667) ~[paper-1.21.11.jar:1.21.11-130-c5a2736]
	at net.minecraft.server.MinecraftServer.runServer(MinecraftServer.java:1335) ~[paper-1.21.11.jar:1.21.11-130-c5a2736]
	at net.minecraft.server.MinecraftServer.lambda$spin$2(MinecraftServer.java:388) ~[paper-1.21.11.jar:1.21.11-130-c5a2736]
	at java.base/java.lang.Thread.run(Thread.java:1474) ~[?:?]
[09:07:03] [Server thread/WARN]: [SkyWars] Task #14 for SkyWars v1.0.0 generated an exception
java.lang.NoSuchFieldError: Class org.bukkit.Sound does not have member field 'org.bukkit.Sound NOTE_PLING'
	at SkyWars1.0.0.jar//com.sky.isles.Main$1.run(Main.java:746) ~[?:?]
	at org.bukkit.craftbukkit.scheduler.CraftTask.run(CraftTask.java:78) ~[paper-1.21.11.jar:1.21.11-130-c5a2736]
	at org.bukkit.craftbukkit.scheduler.CraftScheduler.mainThreadHeartbeat(CraftScheduler.java:474) ~[paper-1.21.11.jar:1.21.11-130-c5a2736]
	at net.minecraft.server.MinecraftServer.tickChildren(MinecraftServer.java:1756) ~[paper-1.21.11.jar:1.21.11-130-c5a2736]
	at net.minecraft.server.MinecraftServer.tickServer(MinecraftServer.java:1611) ~[paper-1.21.11.jar:1.21.11-130-c5a2736]
	at net.minecraft.server.dedicated.DedicatedServer.tickServer(DedicatedServer.java:427) ~[paper-1.21.11.jar:1.21.11-130-c5a2736]
	at net.minecraft.server.MinecraftServer.processPacketsAndTick(MinecraftServer.java:1667) ~[paper-1.21.11.jar:1.21.11-130-c5a2736]
	at net.minecraft.server.MinecraftServer.runServer(MinecraftServer.java:1335) ~[paper-1.21.11.jar:1.21.11-130-c5a2736]
	at net.minecraft.server.MinecraftServer.lambda$spin$2(MinecraftServer.java:388) ~[paper-1.21.11.jar:1.21.11-130-c5a2736]
	at java.base/java.lang.Thread.run(Thread.java:1474) ~[?:?]
[09:07:04] [Server thread/WARN]: [SkyWars] Task #14 for SkyWars v1.0.0 generated an exception
java.lang.NoSuchFieldError: Class org.bukkit.Sound does not have member field 'org.bukkit.Sound NOTE_PLING'
	at SkyWars1.0.0.jar//com.sky.isles.Main$1.run(Main.java:746) ~[?:?]
	at org.bukkit.craftbukkit.scheduler.CraftTask.run(CraftTask.java:78) ~[paper-1.21.11.jar:1.21.11-130-c5a2736]
	at org.bukkit.craftbukkit.scheduler.CraftScheduler.mainThreadHeartbeat(CraftScheduler.java:474) ~[paper-1.21.11.jar:1.21.11-130-c5a2736]
	at net.minecraft.server.MinecraftServer.tickChildren(MinecraftServer.java:1756) ~[paper-1.21.11.jar:1.21.11-130-c5a2736]
	at net.minecraft.server.MinecraftServer.tickServer(MinecraftServer.java:1611) ~[paper-1.21.11.jar:1.21.11-130-c5a2736]
	at net.minecraft.server.dedicated.DedicatedServer.tickServer(DedicatedServer.java:427) ~[paper-1.21.11.jar:1.21.11-130-c5a2736]
	at net.minecraft.server.MinecraftServer.processPacketsAndTick(MinecraftServer.java:1667) ~[paper-1.21.11.jar:1.21.11-130-c5a2736]
	at net.minecraft.server.MinecraftServer.runServer(MinecraftServer.java:1335) ~[paper-1.21.11.jar:1.21.11-130-c5a2736]
	at net.minecraft.server.MinecraftServer.lambda$spin$2(MinecraftServer.java:388) ~[paper-1.21.11.jar:1.21.11-130-c5a2736]
	at java.base/java.lang.Thread.run(Thread.java:1474) ~[?:?]
[09:07:05] [Server thread/WARN]: [SkyWars] Task #14 for SkyWars v1.0.0 generated an exception
java.lang.NoSuchFieldError: Class org.bukkit.Sound does not have member field 'org.bukkit.Sound NOTE_PLING'
	at SkyWars1.0.0.jar//com.sky.isles.Main$1.run(Main.java:746) ~[?:?]
	at org.bukkit.craftbukkit.scheduler.CraftTask.run(CraftTask.java:78) ~[paper-1.21.11.jar:1.21.11-130-c5a2736]
	at org.bukkit.craftbukkit.scheduler.CraftScheduler.mainThreadHeartbeat(CraftScheduler.java:474) ~[paper-1.21.11.jar:1.21.11-130-c5a2736]
	at net.minecraft.server.MinecraftServer.tickChildren(MinecraftServer.java:1756) ~[paper-1.21.11.jar:1.21.11-130-c5a2736]
	at net.minecraft.server.MinecraftServer.tickServer(MinecraftServer.java:1611) ~[paper-1.21.11.jar:1.21.11-130-c5a2736]
	at net.minecraft.server.dedicated.DedicatedServer.tickServer(DedicatedServer.java:427) ~[paper-1.21.11.jar:1.21.11-130-c5a2736]
	at net.minecraft.server.MinecraftServer.processPacketsAndTick(MinecraftServer.java:1667) ~[paper-1.21.11.jar:1.21.11-130-c5a2736]
	at net.minecraft.server.MinecraftServer.runServer(MinecraftServer.java:1335) ~[paper-1.21.11.jar:1.21.11-130-c5a2736]
	at net.minecraft.server.MinecraftServer.lambda$spin$2(MinecraftServer.java:388) ~[paper-1.21.11.jar:1.21.11-130-c5a2736]
	at java.base/java.lang.Thread.run(Thread.java:1474) ~[?:?]
[09:07:06] [Server thread/WARN]: [SkyWars] Task #14 for SkyWars v1.0.0 generated an exception
java.lang.NoSuchFieldError: Class org.bukkit.Sound does not have member field 'org.bukkit.Sound NOTE_PLING'
	at SkyWars1.0.0.jar//com.sky.isles.Main$1.run(Main.java:746) ~[?:?]
	at org.bukkit.craftbukkit.scheduler.CraftTask.run(CraftTask.java:78) ~[paper-1.21.11.jar:1.21.11-130-c5a2736]
	at org.bukkit.craftbukkit.scheduler.CraftScheduler.mainThreadHeartbeat(CraftScheduler.java:474) ~[paper-1.21.11.jar:1.21.11-130-c5a2736]
	at net.minecraft.server.MinecraftServer.tickChildren(MinecraftServer.java:1756) ~[paper-1.21.11.jar:1.21.11-130-c5a2736]
	at net.minecraft.server.MinecraftServer.tickServer(MinecraftServer.java:1611) ~[paper-1.21.11.jar:1.21.11-130-c5a2736]
	at net.minecraft.server.dedicated.DedicatedServer.tickServer(DedicatedServer.java:427) ~[paper-1.21.11.jar:1.21.11-130-c5a2736]
	at net.minecraft.server.MinecraftServer.processPacketsAndTick(MinecraftServer.java:1667) ~[paper-1.21.11.jar:1.21.11-130-c5a2736]
	at net.minecraft.server.MinecraftServer.runServer(MinecraftServer.java:1335) ~[paper-1.21.11.jar:1.21.11-130-c5a2736]
	at net.minecraft.server.MinecraftServer.lambda$spin$2(MinecraftServer.java:388) ~[paper-1.21.11.jar:1.21.11-130-c5a2736]
	at java.base/java.lang.Thread.run(Thread.java:1474) ~[?:?]
[09:07:07] [Server thread/WARN]: [SkyWars] Task #14 for SkyWars v1.0.0 generated an exception
java.lang.NoSuchFieldError: Class org.bukkit.Sound does not have member field 'org.bukkit.Sound NOTE_PLING'
	at SkyWars1.0.0.jar//com.sky.isles.Main$1.run(Main.java:746) ~[?:?]
	at org.bukkit.craftbukkit.scheduler.CraftTask.run(CraftTask.java:78) ~[paper-1.21.11.jar:1.21.11-130-c5a2736]
	at org.bukkit.craftbukkit.scheduler.CraftScheduler.mainThreadHeartbeat(CraftScheduler.java:474) ~[paper-1.21.11.jar:1.21.11-130-c5a2736]
	at net.minecraft.server.MinecraftServer.tickChildren(MinecraftServer.java:1756) ~[paper-1.21.11.jar:1.21.11-130-c5a2736]
	at net.minecraft.server.MinecraftServer.tickServer(MinecraftServer.java:1611) ~[paper-1.21.11.jar:1.21.11-130-c5a2736]
	at net.minecraft.server.dedicated.DedicatedServer.tickServer(DedicatedServer.java:427) ~[paper-1.21.11.jar:1.21.11-130-c5a2736]
	at net.minecraft.server.MinecraftServer.processPacketsAndTick(MinecraftServer.java:1667) ~[paper-1.21.11.jar:1.21.11-130-c5a2736]
	at net.minecraft.server.MinecraftServer.runServer(MinecraftServer.java:1335) ~[paper-1.21.11.jar:1.21.11-130-c5a2736]
	at net.minecraft.server.MinecraftServer.lambda$spin$2(MinecraftServer.java:388) ~[paper-1.21.11.jar:1.21.11-130-c5a2736]
	at java.base/java.lang.Thread.run(Thread.java:1474) ~[?:?]
[09:07:08] [Server thread/WARN]: [SkyWars] Task #14 for SkyWars v1.0.0 generated an exception
java.lang.NoSuchFieldError: Class org.bukkit.Sound does not have member field 'org.bukkit.Sound NOTE_PLING'
	at SkyWars1.0.0.jar//com.sky.isles.Main$1.run(Main.java:746) ~[?:?]
	at org.bukkit.craftbukkit.scheduler.CraftTask.run(CraftTask.java:78) ~[paper-1.21.11.jar:1.21.11-130-c5a2736]
	at org.bukkit.craftbukkit.scheduler.CraftScheduler.mainThreadHeartbeat(CraftScheduler.java:474) ~[paper-1.21.11.jar:1.21.11-130-c5a2736]
	at net.minecraft.server.MinecraftServer.tickChildren(MinecraftServer.java:1756) ~[paper-1.21.11.jar:1.21.11-130-c5a2736]
	at net.minecraft.server.MinecraftServer.tickServer(MinecraftServer.java:1611) ~[paper-1.21.11.jar:1.21.11-130-c5a2736]
	at net.minecraft.server.dedicated.DedicatedServer.tickServer(DedicatedServer.java:427) ~[paper-1.21.11.jar:1.21.11-130-c5a2736]
	at net.minecraft.server.MinecraftServer.processPacketsAndTick(MinecraftServer.java:1667) ~[paper-1.21.11.jar:1.21.11-130-c5a2736]
	at net.minecraft.server.MinecraftServer.runServer(MinecraftServer.java:1335) ~[paper-1.21.11.jar:1.21.11-130-c5a2736]
	at net.minecraft.server.MinecraftServer.lambda$spin$2(MinecraftServer.java:388) ~[paper-1.21.11.jar:1.21.11-130-c5a2736]
	at java.base/java.lang.Thread.run(Thread.java:1474) ~[?:?]
[09:07:09] [Server thread/WARN]: [SkyWars] Task #14 for SkyWars v1.0.0 generated an exception
java.lang.NoSuchFieldError: Class org.bukkit.Sound does not have member field 'org.bukkit.Sound NOTE_PLING'
	at SkyWars1.0.0.jar//com.sky.isles.Main$1.run(Main.java:746) ~[?:?]
	at org.bukkit.craftbukkit.scheduler.CraftTask.run(CraftTask.java:78) ~[paper-1.21.11.jar:1.21.11-130-c5a2736]
	at org.bukkit.craftbukkit.scheduler.CraftScheduler.mainThreadHeartbeat(CraftScheduler.java:474) ~[paper-1.21.11.jar:1.21.11-130-c5a2736]
	at net.minecraft.server.MinecraftServer.tickChildren(MinecraftServer.java:1756) ~[paper-1.21.11.jar:1.21.11-130-c5a2736]
	at net.minecraft.server.MinecraftServer.tickServer(MinecraftServer.java:1611) ~[paper-1.21.11.jar:1.21.11-130-c5a2736]
	at net.minecraft.server.dedicated.DedicatedServer.tickServer(DedicatedServer.java:427) ~[paper-1.21.11.jar:1.21.11-130-c5a2736]
	at net.minecraft.server.MinecraftServer.processPacketsAndTick(MinecraftServer.java:1667) ~[paper-1.21.11.jar:1.21.11-130-c5a2736]
	at net.minecraft.server.MinecraftServer.runServer(MinecraftServer.java:1335) ~[paper-1.21.11.jar:1.21.11-130-c5a2736]
	at net.minecraft.server.MinecraftServer.lambda$spin$2(MinecraftServer.java:388) ~[paper-1.21.11.jar:1.21.11-130-c5a2736]
	at java.base/java.lang.Thread.run(Thread.java:1474) ~[?:?]
[09:07:10] [Server thread/WARN]: [SkyWars] Task #14 for SkyWars v1.0.0 generated an exception
java.lang.NoSuchFieldError: Class org.bukkit.Sound does not have member field 'org.bukkit.Sound NOTE_PLING'
	at SkyWars1.0.0.jar//com.sky.isles.Main$1.run(Main.java:746) ~[?:?]
	at org.bukkit.craftbukkit.scheduler.CraftTask.run(CraftTask.java:78) ~[paper-1.21.11.jar:1.21.11-130-c5a2736]
	at org.bukkit.craftbukkit.scheduler.CraftScheduler.mainThreadHeartbeat(CraftScheduler.java:474) ~[paper-1.21.11.jar:1.21.11-130-c5a2736]
	at net.minecraft.server.MinecraftServer.tickChildren(MinecraftServer.java:1756) ~[paper-1.21.11.jar:1.21.11-130-c5a2736]
	at net.minecraft.server.MinecraftServer.tickServer(MinecraftServer.java:1611) ~[paper-1.21.11.jar:1.21.11-130-c5a2736]
	at net.minecraft.server.dedicated.DedicatedServer.tickServer(DedicatedServer.java:427) ~[paper-1.21.11.jar:1.21.11-130-c5a2736]
	at net.minecraft.server.MinecraftServer.processPacketsAndTick(MinecraftServer.java:1667) ~[paper-1.21.11.jar:1.21.11-130-c5a2736]
	at net.minecraft.server.MinecraftServer.runServer(MinecraftServer.java:1335) ~[paper-1.21.11.jar:1.21.11-130-c5a2736]
	at net.minecraft.server.MinecraftServer.lambda$spin$2(MinecraftServer.java:388) ~[paper-1.21.11.jar:1.21.11-130-c5a2736]
	at java.base/java.lang.Thread.run(Thread.java:1474) ~[?:?]
[09:07:11] [Server thread/WARN]: [SkyWars] Task #14 for SkyWars v1.0.0 generated an exception
java.lang.NoSuchFieldError: Class org.bukkit.Sound does not have member field 'org.bukkit.Sound NOTE_PLING'
	at SkyWars1.0.0.jar//com.sky.isles.Main$1.run(Main.java:746) ~[?:?]
	at org.bukkit.craftbukkit.scheduler.CraftTask.run(CraftTask.java:78) ~[paper-1.21.11.jar:1.21.11-130-c5a2736]
	at org.bukkit.craftbukkit.scheduler.CraftScheduler.mainThreadHeartbeat(CraftScheduler.java:474) ~[paper-1.21.11.jar:1.21.11-130-c5a2736]
	at net.minecraft.server.MinecraftServer.tickChildren(MinecraftServer.java:1756) ~[paper-1.21.11.jar:1.21.11-130-c5a2736]
	at net.minecraft.server.MinecraftServer.tickServer(MinecraftServer.java:1611) ~[paper-1.21.11.jar:1.21.11-130-c5a2736]
	at net.minecraft.server.dedicated.DedicatedServer.tickServer(DedicatedServer.java:427) ~[paper-1.21.11.jar:1.21.11-130-c5a2736]
	at net.minecraft.server.MinecraftServer.processPacketsAndTick(MinecraftServer.java:1667) ~[paper-1.21.11.jar:1.21.11-130-c5a2736]
	at net.minecraft.server.MinecraftServer.runServer(MinecraftServer.java:1335) ~[paper-1.21.11.jar:1.21.11-130-c5a2736]
	at net.minecraft.server.MinecraftServer.lambda$spin$2(MinecraftServer.java:388) ~[paper-1.21.11.jar:1.21.11-130-c5a2736]
	at java.base/java.lang.Thread.run(Thread.java:1474) ~[?:?]
[09:07:12] [Server thread/WARN]: [SkyWars] Task #14 for SkyWars v1.0.0 generated an exception
java.lang.NoSuchFieldError: Class org.bukkit.Sound does not have member field 'org.bukkit.Sound NOTE_PLING'
	at SkyWars1.0.0.jar//com.sky.isles.Main$1.run(Main.java:746) ~[?:?]
	at org.bukkit.craftbukkit.scheduler.CraftTask.run(CraftTask.java:78) ~[paper-1.21.11.jar:1.21.11-130-c5a2736]
	at org.bukkit.craftbukkit.scheduler.CraftScheduler.mainThreadHeartbeat(CraftScheduler.java:474) ~[paper-1.21.11.jar:1.21.11-130-c5a2736]
	at net.minecraft.server.MinecraftServer.tickChildren(MinecraftServer.java:1756) ~[paper-1.21.11.jar:1.21.11-130-c5a2736]
	at net.minecraft.server.MinecraftServer.tickServer(MinecraftServer.java:1611) ~[paper-1.21.11.jar:1.21.11-130-c5a2736]
	at net.minecraft.server.dedicated.DedicatedServer.tickServer(DedicatedServer.java:427) ~[paper-1.21.11.jar:1.21.11-130-c5a2736]
	at net.minecraft.server.MinecraftServer.processPacketsAndTick(MinecraftServer.java:1667) ~[paper-1.21.11.jar:1.21.11-130-c5a2736]
	at net.minecraft.server.MinecraftServer.runServer(MinecraftServer.java:1335) ~[paper-1.21.11.jar:1.21.11-130-c5a2736]
	at net.minecraft.server.MinecraftServer.lambda$spin$2(MinecraftServer.java:388) ~[paper-1.21.11.jar:1.21.11-130-c5a2736]
	at java.base/java.lang.Thread.run(Thread.java:1474) ~[?:?]
[09:07:13] [Server thread/WARN]: [SkyWars] Task #14 for SkyWars v1.0.0 generated an exception
java.lang.NoSuchFieldError: Class org.bukkit.Sound does not have member field 'org.bukkit.Sound NOTE_PLING'
	at SkyWars1.0.0.jar//com.sky.isles.Main$1.run(Main.java:746) ~[?:?]
	at org.bukkit.craftbukkit.scheduler.CraftTask.run(CraftTask.java:78) ~[paper-1.21.11.jar:1.21.11-130-c5a2736]
	at org.bukkit.craftbukkit.scheduler.CraftScheduler.mainThreadHeartbeat(CraftScheduler.java:474) ~[paper-1.21.11.jar:1.21.11-130-c5a2736]
	at net.minecraft.server.MinecraftServer.tickChildren(MinecraftServer.java:1756) ~[paper-1.21.11.jar:1.21.11-130-c5a2736]
	at net.minecraft.server.MinecraftServer.tickServer(MinecraftServer.java:1611) ~[paper-1.21.11.jar:1.21.11-130-c5a2736]
	at net.minecraft.server.dedicated.DedicatedServer.tickServer(DedicatedServer.java:427) ~[paper-1.21.11.jar:1.21.11-130-c5a2736]
	at net.minecraft.server.MinecraftServer.processPacketsAndTick(MinecraftServer.java:1667) ~[paper-1.21.11.jar:1.21.11-130-c5a2736]
	at net.minecraft.server.MinecraftServer.runServer(MinecraftServer.java:1335) ~[paper-1.21.11.jar:1.21.11-130-c5a2736]
	at net.minecraft.server.MinecraftServer.lambda$spin$2(MinecraftServer.java:388) ~[paper-1.21.11.jar:1.21.11-130-c5a2736]
	at java.base/java.lang.Thread.run(Thread.java:1474) ~[?:?]
[09:07:14] [Server thread/WARN]: [SkyWars] Task #14 for SkyWars v1.0.0 generated an exception
java.lang.NoSuchFieldError: Class org.bukkit.Sound does not have member field 'org.bukkit.Sound NOTE_PLING'
	at SkyWars1.0.0.jar//com.sky.isles.Main$1.run(Main.java:746) ~[?:?]
	at org.bukkit.craftbukkit.scheduler.CraftTask.run(CraftTask.java:78) ~[paper-1.21.11.jar:1.21.11-130-c5a2736]
	at org.bukkit.craftbukkit.scheduler.CraftScheduler.mainThreadHeartbeat(CraftScheduler.java:474) ~[paper-1.21.11.jar:1.21.11-130-c5a2736]
	at net.minecraft.server.MinecraftServer.tickChildren(MinecraftServer.java:1756) ~[paper-1.21.11.jar:1.21.11-130-c5a2736]
	at net.minecraft.server.MinecraftServer.tickServer(MinecraftServer.java:1611) ~[paper-1.21.11.jar:1.21.11-130-c5a2736]
	at net.minecraft.server.dedicated.DedicatedServer.tickServer(DedicatedServer.java:427) ~[paper-1.21.11.jar:1.21.11-130-c5a2736]
	at net.minecraft.server.MinecraftServer.processPacketsAndTick(MinecraftServer.java:1667) ~[paper-1.21.11.jar:1.21.11-130-c5a2736]
	at net.minecraft.server.MinecraftServer.runServer(MinecraftServer.java:1335) ~[paper-1.21.11.jar:1.21.11-130-c5a2736]
	at net.minecraft.server.MinecraftServer.lambda$spin$2(MinecraftServer.java:388) ~[paper-1.21.11.jar:1.21.11-130-c5a2736]
	at java.base/java.lang.Thread.run(Thread.java:1474) ~[?:?]
[09:07:14] [Server thread/ERROR]: Could not pass event InventoryClickEvent to SkyWars v1.0.0
java.lang.NoSuchMethodError: 'java.lang.String org.bukkit.inventory.Inventory.getName()'
	at SkyWars1.0.0.jar//com.sky.isles.Main.onInventoryClick(Main.java:434) ~[?:?]
	at co.aikar.timings.TimedEventExecutor.execute(TimedEventExecutor.java:80) ~[paper-api-1.21.11-R0.1-SNAPSHOT.jar:?]
	at org.bukkit.plugin.RegisteredListener.callEvent(RegisteredListener.java:71) ~[paper-api-1.21.11-R0.1-SNAPSHOT.jar:?]
	at io.papermc.paper.plugin.manager.PaperEventManager.callEvent(PaperEventManager.java:54) ~[paper-1.21.11.jar:1.21.11-130-c5a2736]
	at io.papermc.paper.plugin.manager.PaperPluginManagerImpl.callEvent(PaperPluginManagerImpl.java:131) ~[paper-1.21.11.jar:1.21.11-130-c5a2736]
	at org.bukkit.plugin.SimplePluginManager.callEvent(SimplePluginManager.java:628) ~[paper-api-1.21.11-R0.1-SNAPSHOT.jar:?]
	at net.minecraft.server.network.ServerGamePacketListenerImpl.handleContainerClick(ServerGamePacketListenerImpl.java:3297) ~[paper-1.21.11.jar:1.21.11-130-c5a2736]
	at net.minecraft.network.protocol.game.ServerboundContainerClickPacket.handle(ServerboundContainerClickPacket.java:59) ~[paper-1.21.11.jar:1.21.11-130-c5a2736]
	at net.minecraft.network.protocol.game.ServerboundContainerClickPacket.handle(ServerboundContainerClickPacket.java:14) ~[paper-1.21.11.jar:1.21.11-130-c5a2736]
	at net.minecraft.network.PacketProcessor$ListenerAndPacket.handle(PacketProcessor.java:99) ~[paper-1.21.11.jar:1.21.11-130-c5a2736]
	at net.minecraft.network.PacketProcessor.executeSinglePacket(PacketProcessor.java:33) ~[paper-1.21.11.jar:1.21.11-130-c5a2736]
	at net.minecraft.server.MinecraftServer.runAllTasksAtTickStart(MinecraftServer.java:1180) ~[paper-1.21.11.jar:1.21.11-130-c5a2736]
	at net.minecraft.server.MinecraftServer.processPacketsAndTick(MinecraftServer.java:1666) ~[paper-1.21.11.jar:1.21.11-130-c5a2736]
	at net.minecraft.server.MinecraftServer.runServer(MinecraftServer.java:1335) ~[paper-1.21.11.jar:1.21.11-130-c5a2736]
	at net.minecraft.server.MinecraftServer.lambda$spin$2(MinecraftServer.java:388) ~[paper-1.21.11.jar:1.21.11-130-c5a2736]
	at java.base/java.lang.Thread.run(Thread.java:1474) ~[?:?]
[09:07:15] [Server thread/WARN]: [SkyWars] Task #14 for SkyWars v1.0.0 generated an exception
java.lang.NoSuchFieldError: Class org.bukkit.Sound does not have member field 'org.bukkit.Sound NOTE_PLING'
	at SkyWars1.0.0.jar//com.sky.isles.Main$1.run(Main.java:746) ~[?:?]
	at org.bukkit.craftbukkit.scheduler.CraftTask.run(CraftTask.java:78) ~[paper-1.21.11.jar:1.21.11-130-c5a2736]
	at org.bukkit.craftbukkit.scheduler.CraftScheduler.mainThreadHeartbeat(CraftScheduler.java:474) ~[paper-1.21.11.jar:1.21.11-130-c5a2736]
	at net.minecraft.server.MinecraftServer.tickChildren(MinecraftServer.java:1756) ~[paper-1.21.11.jar:1.21.11-130-c5a2736]
	at net.minecraft.server.MinecraftServer.tickServer(MinecraftServer.java:1611) ~[paper-1.21.11.jar:1.21.11-130-c5a2736]
	at net.minecraft.server.dedicated.DedicatedServer.tickServer(DedicatedServer.java:427) ~[paper-1.21.11.jar:1.21.11-130-c5a2736]
	at net.minecraft.server.MinecraftServer.processPacketsAndTick(MinecraftServer.java:1667) ~[paper-1.21.11.jar:1.21.11-130-c5a2736]
	at net.minecraft.server.MinecraftServer.runServer(MinecraftServer.java:1335) ~[paper-1.21.11.jar:1.21.11-130-c5a2736]
	at net.minecraft.server.MinecraftServer.lambda$spin$2(MinecraftServer.java:388) ~[paper-1.21.11.jar:1.21.11-130-c5a2736]
	at java.base/java.lang.Thread.run(Thread.java:1474) ~[?:?]
[09:07:16] [Server thread/WARN]: [SkyWars] Task #14 for SkyWars v1.0.0 generated an exception
java.lang.NoSuchFieldError: Class org.bukkit.Sound does not have member field 'org.bukkit.Sound NOTE_PLING'
	at SkyWars1.0.0.jar//com.sky.isles.Main$1.run(Main.java:746) ~[?:?]
	at org.bukkit.craftbukkit.scheduler.CraftTask.run(CraftTask.java:78) ~[paper-1.21.11.jar:1.21.11-130-c5a2736]
	at org.bukkit.craftbukkit.scheduler.CraftScheduler.mainThreadHeartbeat(CraftScheduler.java:474) ~[paper-1.21.11.jar:1.21.11-130-c5a2736]
	at net.minecraft.server.MinecraftServer.tickChildren(MinecraftServer.java:1756) ~[paper-1.21.11.jar:1.21.11-130-c5a2736]
	at net.minecraft.server.MinecraftServer.tickServer(MinecraftServer.java:1611) ~[paper-1.21.11.jar:1.21.11-130-c5a2736]
	at net.minecraft.server.dedicated.DedicatedServer.tickServer(DedicatedServer.java:427) ~[paper-1.21.11.jar:1.21.11-130-c5a2736]
	at net.minecraft.server.MinecraftServer.processPacketsAndTick(MinecraftServer.java:1667) ~[paper-1.21.11.jar:1.21.11-130-c5a2736]
	at net.minecraft.server.MinecraftServer.runServer(MinecraftServer.java:1335) ~[paper-1.21.11.jar:1.21.11-130-c5a2736]
	at net.minecraft.server.MinecraftServer.lambda$spin$2(MinecraftServer.java:388) ~[paper-1.21.11.jar:1.21.11-130-c5a2736]
	at java.base/java.lang.Thread.run(Thread.java:1474) ~[?:?]
[09:07:16] [Server thread/ERROR]: Could not pass event InventoryClickEvent to SkyWars v1.0.0
java.lang.NoSuchMethodError: 'java.lang.String org.bukkit.inventory.Inventory.getName()'
	at SkyWars1.0.0.jar//com.sky.isles.Main.onInventoryClick(Main.java:434) ~[?:?]
	at co.aikar.timings.TimedEventExecutor.execute(TimedEventExecutor.java:80) ~[paper-api-1.21.11-R0.1-SNAPSHOT.jar:?]
	at org.bukkit.plugin.RegisteredListener.callEvent(RegisteredListener.java:71) ~[paper-api-1.21.11-R0.1-SNAPSHOT.jar:?]
	at io.papermc.paper.plugin.manager.PaperEventManager.callEvent(PaperEventManager.java:54) ~[paper-1.21.11.jar:1.21.11-130-c5a2736]
	at io.papermc.paper.plugin.manager.PaperPluginManagerImpl.callEvent(PaperPluginManagerImpl.java:131) ~[paper-1.21.11.jar:1.21.11-130-c5a2736]
	at org.bukkit.plugin.SimplePluginManager.callEvent(SimplePluginManager.java:628) ~[paper-api-1.21.11-R0.1-SNAPSHOT.jar:?]
	at net.minecraft.server.network.ServerGamePacketListenerImpl.handleContainerClick(ServerGamePacketListenerImpl.java:3297) ~[paper-1.21.11.jar:1.21.11-130-c5a2736]
	at net.minecraft.network.protocol.game.ServerboundContainerClickPacket.handle(ServerboundContainerClickPacket.java:59) ~[paper-1.21.11.jar:1.21.11-130-c5a2736]
	at net.minecraft.network.protocol.game.ServerboundContainerClickPacket.handle(ServerboundContainerClickPacket.java:14) ~[paper-1.21.11.jar:1.21.11-130-c5a2736]
	at net.minecraft.network.PacketProcessor$ListenerAndPacket.handle(PacketProcessor.java:99) ~[paper-1.21.11.jar:1.21.11-130-c5a2736]
	at net.minecraft.network.PacketProcessor.executeSinglePacket(PacketProcessor.java:33) ~[paper-1.21.11.jar:1.21.11-130-c5a2736]
	at net.minecraft.server.MinecraftServer.runAllTasksAtTickStart(MinecraftServer.java:1180) ~[paper-1.21.11.jar:1.21.11-130-c5a2736]
	at net.minecraft.server.MinecraftServer.processPacketsAndTick(MinecraftServer.java:1666) ~[paper-1.21.11.jar:1.21.11-130-c5a2736]
	at net.minecraft.server.MinecraftServer.runServer(MinecraftServer.java:1335) ~[paper-1.21.11.jar:1.21.11-130-c5a2736]
	at net.minecraft.server.MinecraftServer.lambda$spin$2(MinecraftServer.java:388) ~[paper-1.21.11.jar:1.21.11-130-c5a2736]
	at java.base/java.lang.Thread.run(Thread.java:1474) ~[?:?]
[09:07:17] [Server thread/WARN]: [SkyWars] Task #14 for SkyWars v1.0.0 generated an exception
java.lang.NoSuchFieldError: Class org.bukkit.Sound does not have member field 'org.bukkit.Sound NOTE_PLING'
	at SkyWars1.0.0.jar//com.sky.isles.Main$1.run(Main.java:746) ~[?:?]
	at org.bukkit.craftbukkit.scheduler.CraftTask.run(CraftTask.java:78) ~[paper-1.21.11.jar:1.21.11-130-c5a2736]
	at org.bukkit.craftbukkit.scheduler.CraftScheduler.mainThreadHeartbeat(CraftScheduler.java:474) ~[paper-1.21.11.jar:1.21.11-130-c5a2736]
	at net.minecraft.server.MinecraftServer.tickChildren(MinecraftServer.java:1756) ~[paper-1.21.11.jar:1.21.11-130-c5a2736]
	at net.minecraft.server.MinecraftServer.tickServer(MinecraftServer.java:1611) ~[paper-1.21.11.jar:1.21.11-130-c5a2736]
	at net.minecraft.server.dedicated.DedicatedServer.tickServer(DedicatedServer.java:427) ~[paper-1.21.11.jar:1.21.11-130-c5a2736]
	at net.minecraft.server.MinecraftServer.processPacketsAndTick(MinecraftServer.java:1667) ~[paper-1.21.11.jar:1.21.11-130-c5a2736]
	at net.minecraft.server.MinecraftServer.runServer(MinecraftServer.java:1335) ~[paper-1.21.11.jar:1.21.11-130-c5a2736]
	at net.minecraft.server.MinecraftServer.lambda$spin$2(MinecraftServer.java:388) ~[paper-1.21.11.jar:1.21.11-130-c5a2736]
	at java.base/java.lang.Thread.run(Thread.java:1474) ~[?:?]
[09:07:18] [Server thread/WARN]: [SkyWars] Task #14 for SkyWars v1.0.0 generated an exception
java.lang.NoSuchFieldError: Class org.bukkit.Sound does not have member field 'org.bukkit.Sound NOTE_PLING'
	at SkyWars1.0.0.jar//com.sky.isles.Main$1.run(Main.java:746) ~[?:?]
	at org.bukkit.craftbukkit.scheduler.CraftTask.run(CraftTask.java:78) ~[paper-1.21.11.jar:1.21.11-130-c5a2736]
	at org.bukkit.craftbukkit.scheduler.CraftScheduler.mainThreadHeartbeat(CraftScheduler.java:474) ~[paper-1.21.11.jar:1.21.11-130-c5a2736]
	at net.minecraft.server.MinecraftServer.tickChildren(MinecraftServer.java:1756) ~[paper-1.21.11.jar:1.21.11-130-c5a2736]
	at net.minecraft.server.MinecraftServer.tickServer(MinecraftServer.java:1611) ~[paper-1.21.11.jar:1.21.11-130-c5a2736]
	at net.minecraft.server.dedicated.DedicatedServer.tickServer(DedicatedServer.java:427) ~[paper-1.21.11.jar:1.21.11-130-c5a2736]
	at net.minecraft.server.MinecraftServer.processPacketsAndTick(MinecraftServer.java:1667) ~[paper-1.21.11.jar:1.21.11-130-c5a2736]
	at net.minecraft.server.MinecraftServer.runServer(MinecraftServer.java:1335) ~[paper-1.21.11.jar:1.21.11-130-c5a2736]
	at net.minecraft.server.MinecraftServer.lambda$spin$2(MinecraftServer.java:388) ~[paper-1.21.11.jar:1.21.11-130-c5a2736]
	at java.base/java.lang.Thread.run(Thread.java:1474) ~[?:?]
[09:07:19] [Server thread/WARN]: [SkyWars] Task #14 for SkyWars v1.0.0 generated an exception
java.lang.NoSuchFieldError: Class org.bukkit.Sound does not have member field 'org.bukkit.Sound NOTE_PLING'
	at SkyWars1.0.0.jar//com.sky.isles.Main$1.run(Main.java:746) ~[?:?]
	at org.bukkit.craftbukkit.scheduler.CraftTask.run(CraftTask.java:78) ~[paper-1.21.11.jar:1.21.11-130-c5a2736]
	at org.bukkit.craftbukkit.scheduler.CraftScheduler.mainThreadHeartbeat(CraftScheduler.java:474) ~[paper-1.21.11.jar:1.21.11-130-c5a2736]
	at net.minecraft.server.MinecraftServer.tickChildren(MinecraftServer.java:1756) ~[paper-1.21.11.jar:1.21.11-130-c5a2736]
	at net.minecraft.server.MinecraftServer.tickServer(MinecraftServer.java:1611) ~[paper-1.21.11.jar:1.21.11-130-c5a2736]
	at net.minecraft.server.dedicated.DedicatedServer.tickServer(DedicatedServer.java:427) ~[paper-1.21.11.jar:1.21.11-130-c5a2736]
	at net.minecraft.server.MinecraftServer.processPacketsAndTick(MinecraftServer.java:1667) ~[paper-1.21.11.jar:1.21.11-130-c5a2736]
	at net.minecraft.server.MinecraftServer.runServer(MinecraftServer.java:1335) ~[paper-1.21.11.jar:1.21.11-130-c5a2736]
	at net.minecraft.server.MinecraftServer.lambda$spin$2(MinecraftServer.java:388) ~[paper-1.21.11.jar:1.21.11-130-c5a2736]
	at java.base/java.lang.Thread.run(Thread.java:1474) ~[?:?]
[09:07:20] [Server thread/ERROR]: Could not pass event InventoryClickEvent to SkyWars v1.0.0
java.lang.NoSuchMethodError: 'java.lang.String org.bukkit.inventory.Inventory.getName()'
	at SkyWars1.0.0.jar//com.sky.isles.Main.onInventoryClick(Main.java:434) ~[?:?]
	at co.aikar.timings.TimedEventExecutor.execute(TimedEventExecutor.java:80) ~[paper-api-1.21.11-R0.1-SNAPSHOT.jar:?]
	at org.bukkit.plugin.RegisteredListener.callEvent(RegisteredListener.java:71) ~[paper-api-1.21.11-R0.1-SNAPSHOT.jar:?]
	at io.papermc.paper.plugin.manager.PaperEventManager.callEvent(PaperEventManager.java:54) ~[paper-1.21.11.jar:1.21.11-130-c5a2736]
	at io.papermc.paper.plugin.manager.PaperPluginManagerImpl.callEvent(PaperPluginManagerImpl.java:131) ~[paper-1.21.11.jar:1.21.11-130-c5a2736]
	at org.bukkit.plugin.SimplePluginManager.callEvent(SimplePluginManager.java:628) ~[paper-api-1.21.11-R0.1-SNAPSHOT.jar:?]
	at net.minecraft.server.network.ServerGamePacketListenerImpl.handleContainerClick(ServerGamePacketListenerImpl.java:3297) ~[paper-1.21.11.jar:1.21.11-130-c5a2736]
	at net.minecraft.network.protocol.game.ServerboundContainerClickPacket.handle(ServerboundContainerClickPacket.java:59) ~[paper-1.21.11.jar:1.21.11-130-c5a2736]
	at net.minecraft.network.protocol.game.ServerboundContainerClickPacket.handle(ServerboundContainerClickPacket.java:14) ~[paper-1.21.11.jar:1.21.11-130-c5a2736]
	at net.minecraft.network.PacketProcessor$ListenerAndPacket.handle(PacketProcessor.java:99) ~[paper-1.21.11.jar:1.21.11-130-c5a2736]
	at net.minecraft.network.PacketProcessor.executeSinglePacket(PacketProcessor.java:33) ~[paper-1.21.11.jar:1.21.11-130-c5a2736]
	at net.minecraft.server.MinecraftServer.pollTask(MinecraftServer.java:1499) ~[paper-1.21.11.jar:1.21.11-130-c5a2736]
	at net.minecraft.server.MinecraftServer.recordTaskExecutionTimeWhileWaiting(MinecraftServer.java:1225) ~[paper-1.21.11.jar:1.21.11-130-c5a2736]
	at net.minecraft.server.MinecraftServer.runServer(MinecraftServer.java:1341) ~[paper-1.21.11.jar:1.21.11-130-c5a2736]
	at net.minecraft.server.MinecraftServer.lambda$spin$2(MinecraftServer.java:388) ~[paper-1.21.11.jar:1.21.11-130-c5a2736]
	at java.base/java.lang.Thread.run(Thread.java:1474) ~[?:?]
[09:07:20] [Server thread/WARN]: [SkyWars] Task #14 for SkyWars v1.0.0 generated an exception
java.lang.NoSuchFieldError: Class org.bukkit.Sound does not have member field 'org.bukkit.Sound NOTE_PLING'
	at SkyWars1.0.0.jar//com.sky.isles.Main$1.run(Main.java:746) ~[?:?]
	at org.bukkit.craftbukkit.scheduler.CraftTask.run(CraftTask.java:78) ~[paper-1.21.11.jar:1.21.11-130-c5a2736]
	at org.bukkit.craftbukkit.scheduler.CraftScheduler.mainThreadHeartbeat(CraftScheduler.java:474) ~[paper-1.21.11.jar:1.21.11-130-c5a2736]
	at net.minecraft.server.MinecraftServer.tickChildren(MinecraftServer.java:1756) ~[paper-1.21.11.jar:1.21.11-130-c5a2736]
	at net.minecraft.server.MinecraftServer.tickServer(MinecraftServer.java:1611) ~[paper-1.21.11.jar:1.21.11-130-c5a2736]
	at net.minecraft.server.dedicated.DedicatedServer.tickServer(DedicatedServer.java:427) ~[paper-1.21.11.jar:1.21.11-130-c5a2736]
	at net.minecraft.server.MinecraftServer.processPacketsAndTick(MinecraftServer.java:1667) ~[paper-1.21.11.jar:1.21.11-130-c5a2736]
	at net.minecraft.server.MinecraftServer.runServer(MinecraftServer.java:1335) ~[paper-1.21.11.jar:1.21.11-130-c5a2736]
	at net.minecraft.server.MinecraftServer.lambda$spin$2(MinecraftServer.java:388) ~[paper-1.21.11.jar:1.21.11-130-c5a2736]
	at java.base/java.lang.Thread.run(Thread.java:1474) ~[?:?]
[09:07:21] [Server thread/WARN]: [SkyWars] Task #14 for SkyWars v1.0.0 generated an exception
java.lang.NoSuchFieldError: Class org.bukkit.Sound does not have member field 'org.bukkit.Sound NOTE_PLING'
	at SkyWars1.0.0.jar//com.sky.isles.Main$1.run(Main.java:746) ~[?:?]
	at org.bukkit.craftbukkit.scheduler.CraftTask.run(CraftTask.java:78) ~[paper-1.21.11.jar:1.21.11-130-c5a2736]
	at org.bukkit.craftbukkit.scheduler.CraftScheduler.mainThreadHeartbeat(CraftScheduler.java:474) ~[paper-1.21.11.jar:1.21.11-130-c5a2736]
	at net.minecraft.server.MinecraftServer.tickChildren(MinecraftServer.java:1756) ~[paper-1.21.11.jar:1.21.11-130-c5a2736]
	at net.minecraft.server.MinecraftServer.tickServer(MinecraftServer.java:1611) ~[paper-1.21.11.jar:1.21.11-130-c5a2736]
	at net.minecraft.server.dedicated.DedicatedServer.tickServer(DedicatedServer.java:427) ~[paper-1.21.11.jar:1.21.11-130-c5a2736]
	at net.minecraft.server.MinecraftServer.processPacketsAndTick(MinecraftServer.java:1667) ~[paper-1.21.11.jar:1.21.11-130-c5a2736]
	at net.minecraft.server.MinecraftServer.runServer(MinecraftServer.java:1335) ~[paper-1.21.11.jar:1.21.11-130-c5a2736]
	at net.minecraft.server.MinecraftServer.lambda$spin$2(MinecraftServer.java:388) ~[paper-1.21.11.jar:1.21.11-130-c5a2736]
	at java.base/java.lang.Thread.run(Thread.java:1474) ~[?:?]
[09:07:21] [Server thread/ERROR]: Could not pass event InventoryClickEvent to SkyWars v1.0.0
java.lang.NoSuchMethodError: 'java.lang.String org.bukkit.inventory.Inventory.getName()'
	at SkyWars1.0.0.jar//com.sky.isles.Main.onInventoryClick(Main.java:434) ~[?:?]
	at co.aikar.timings.TimedEventExecutor.execute(TimedEventExecutor.java:80) ~[paper-api-1.21.11-R0.1-SNAPSHOT.jar:?]
	at org.bukkit.plugin.RegisteredListener.callEvent(RegisteredListener.java:71) ~[paper-api-1.21.11-R0.1-SNAPSHOT.jar:?]
	at io.papermc.paper.plugin.manager.PaperEventManager.callEvent(PaperEventManager.java:54) ~[paper-1.21.11.jar:1.21.11-130-c5a2736]
	at io.papermc.paper.plugin.manager.PaperPluginManagerImpl.callEvent(PaperPluginManagerImpl.java:131) ~[paper-1.21.11.jar:1.21.11-130-c5a2736]
	at org.bukkit.plugin.SimplePluginManager.callEvent(SimplePluginManager.java:628) ~[paper-api-1.21.11-R0.1-SNAPSHOT.jar:?]
	at net.minecraft.server.network.ServerGamePacketListenerImpl.handleContainerClick(ServerGamePacketListenerImpl.java:3297) ~[paper-1.21.11.jar:1.21.11-130-c5a2736]
	at net.minecraft.server.network.ServerGamePacketListenerImpl.handleContainerClick(ServerGamePacketListenerImpl.java:3222) ~[paper-1.21.11.jar:1.21.11-130-c5a2736]
	at net.minecraft.network.protocol.game.ServerboundContainerClickPacket.handle(ServerboundContainerClickPacket.java:59) ~[paper-1.21.11.jar:1.21.11-130-c5a2736]
	at net.minecraft.network.protocol.game.ServerboundContainerClickPacket.handle(ServerboundContainerClickPacket.java:14) ~[paper-1.21.11.jar:1.21.11-130-c5a2736]
	at net.minecraft.network.PacketProcessor$ListenerAndPacket.handle(PacketProcessor.java:99) ~[paper-1.21.11.jar:1.21.11-130-c5a2736]
	at net.minecraft.network.PacketProcessor.executeSinglePacket(PacketProcessor.java:33) ~[paper-1.21.11.jar:1.21.11-130-c5a2736]
	at net.minecraft.server.MinecraftServer.pollTask(MinecraftServer.java:1499) ~[paper-1.21.11.jar:1.21.11-130-c5a2736]
	at net.minecraft.server.MinecraftServer.recordTaskExecutionTimeWhileWaiting(MinecraftServer.java:1225) ~[paper-1.21.11.jar:1.21.11-130-c5a2736]
	at net.minecraft.server.MinecraftServer.runServer(MinecraftServer.java:1341) ~[paper-1.21.11.jar:1.21.11-130-c5a2736]
	at net.minecraft.server.MinecraftServer.lambda$spin$2(MinecraftServer.java:388) ~[paper-1.21.11.jar:1.21.11-130-c5a2736]
	at java.base/java.lang.Thread.run(Thread.java:1474) ~[?:?]
[09:07:22] [Server thread/ERROR]: Could not pass event InventoryClickEvent to SkyWars v1.0.0
java.lang.NoSuchMethodError: 'java.lang.String org.bukkit.inventory.Inventory.getName()'
	at SkyWars1.0.0.jar//com.sky.isles.Main.onInventoryClick(Main.java:434) ~[?:?]
	at co.aikar.timings.TimedEventExecutor.execute(TimedEventExecutor.java:80) ~[paper-api-1.21.11-R0.1-SNAPSHOT.jar:?]
	at org.bukkit.plugin.RegisteredListener.callEvent(RegisteredListener.java:71) ~[paper-api-1.21.11-R0.1-SNAPSHOT.jar:?]
	at io.papermc.paper.plugin.manager.PaperEventManager.callEvent(PaperEventManager.java:54) ~[paper-1.21.11.jar:1.21.11-130-c5a2736]
	at io.papermc.paper.plugin.manager.PaperPluginManagerImpl.callEvent(PaperPluginManagerImpl.java:131) ~[paper-1.21.11.jar:1.21.11-130-c5a2736]
	at org.bukkit.plugin.SimplePluginManager.callEvent(SimplePluginManager.java:628) ~[paper-api-1.21.11-R0.1-SNAPSHOT.jar:?]
	at net.minecraft.server.network.ServerGamePacketListenerImpl.handleContainerClick(ServerGamePacketListenerImpl.java:3297) ~[paper-1.21.11.jar:1.21.11-130-c5a2736]
	at net.minecraft.network.protocol.game.ServerboundContainerClickPacket.handle(ServerboundContainerClickPacket.java:59) ~[paper-1.21.11.jar:1.21.11-130-c5a2736]
	at net.minecraft.network.protocol.game.ServerboundContainerClickPacket.handle(ServerboundContainerClickPacket.java:14) ~[paper-1.21.11.jar:1.21.11-130-c5a2736]
	at net.minecraft.network.PacketProcessor$ListenerAndPacket.handle(PacketProcessor.java:99) ~[paper-1.21.11.jar:1.21.11-130-c5a2736]
	at net.minecraft.network.PacketProcessor.executeSinglePacket(PacketProcessor.java:33) ~[paper-1.21.11.jar:1.21.11-130-c5a2736]
	at net.minecraft.server.MinecraftServer.pollTask(MinecraftServer.java:1499) ~[paper-1.21.11.jar:1.21.11-130-c5a2736]
	at net.minecraft.server.MinecraftServer.recordTaskExecutionTimeWhileWaiting(MinecraftServer.java:1225) ~[paper-1.21.11.jar:1.21.11-130-c5a2736]
	at net.minecraft.server.MinecraftServer.runServer(MinecraftServer.java:1341) ~[paper-1.21.11.jar:1.21.11-130-c5a2736]
	at net.minecraft.server.MinecraftServer.lambda$spin$2(MinecraftServer.java:388) ~[paper-1.21.11.jar:1.21.11-130-c5a2736]
	at java.base/java.lang.Thread.run(Thread.java:1474) ~[?:?]
[09:07:22] [Server thread/WARN]: [SkyWars] Task #14 for SkyWars v1.0.0 generated an exception
java.lang.NoSuchFieldError: Class org.bukkit.Sound does not have member field 'org.bukkit.Sound NOTE_PLING'
	at SkyWars1.0.0.jar//com.sky.isles.Main$1.run(Main.java:746) ~[?:?]
	at org.bukkit.craftbukkit.scheduler.CraftTask.run(CraftTask.java:78) ~[paper-1.21.11.jar:1.21.11-130-c5a2736]
	at org.bukkit.craftbukkit.scheduler.CraftScheduler.mainThreadHeartbeat(CraftScheduler.java:474) ~[paper-1.21.11.jar:1.21.11-130-c5a2736]
	at net.minecraft.server.MinecraftServer.tickChildren(MinecraftServer.java:1756) ~[paper-1.21.11.jar:1.21.11-130-c5a2736]
	at net.minecraft.server.MinecraftServer.tickServer(MinecraftServer.java:1611) ~[paper-1.21.11.jar:1.21.11-130-c5a2736]
	at net.minecraft.server.dedicated.DedicatedServer.tickServer(DedicatedServer.java:427) ~[paper-1.21.11.jar:1.21.11-130-c5a2736]
	at net.minecraft.server.MinecraftServer.processPacketsAndTick(MinecraftServer.java:1667) ~[paper-1.21.11.jar:1.21.11-130-c5a2736]
	at net.minecraft.server.MinecraftServer.runServer(MinecraftServer.java:1335) ~[paper-1.21.11.jar:1.21.11-130-c5a2736]
	at net.minecraft.server.MinecraftServer.lambda$spin$2(MinecraftServer.java:388) ~[paper-1.21.11.jar:1.21.11-130-c5a2736]
	at java.base/java.lang.Thread.run(Thread.java:1474) ~[?:?]
[09:07:23] [Server thread/ERROR]: Could not pass event InventoryClickEvent to SkyWars v1.0.0
java.lang.NoSuchMethodError: 'java.lang.String org.bukkit.inventory.Inventory.getName()'
	at SkyWars1.0.0.jar//com.sky.isles.Main.onInventoryClick(Main.java:434) ~[?:?]
	at co.aikar.timings.TimedEventExecutor.execute(TimedEventExecutor.java:80) ~[paper-api-1.21.11-R0.1-SNAPSHOT.jar:?]
	at org.bukkit.plugin.RegisteredListener.callEvent(RegisteredListener.java:71) ~[paper-api-1.21.11-R0.1-SNAPSHOT.jar:?]
	at io.papermc.paper.plugin.manager.PaperEventManager.callEvent(PaperEventManager.java:54) ~[paper-1.21.11.jar:1.21.11-130-c5a2736]
	at io.papermc.paper.plugin.manager.PaperPluginManagerImpl.callEvent(PaperPluginManagerImpl.java:131) ~[paper-1.21.11.jar:1.21.11-130-c5a2736]
	at org.bukkit.plugin.SimplePluginManager.callEvent(SimplePluginManager.java:628) ~[paper-api-1.21.11-R0.1-SNAPSHOT.jar:?]
	at net.minecraft.server.network.ServerGamePacketListenerImpl.handleContainerClick(ServerGamePacketListenerImpl.java:3297) ~[paper-1.21.11.jar:1.21.11-130-c5a2736]
	at net.minecraft.network.protocol.game.ServerboundContainerClickPacket.handle(ServerboundContainerClickPacket.java:59) ~[paper-1.21.11.jar:1.21.11-130-c5a2736]
	at net.minecraft.network.protocol.game.ServerboundContainerClickPacket.handle(ServerboundContainerClickPacket.java:14) ~[paper-1.21.11.jar:1.21.11-130-c5a2736]
	at net.minecraft.network.PacketProcessor$ListenerAndPacket.handle(PacketProcessor.java:99) ~[paper-1.21.11.jar:1.21.11-130-c5a2736]
	at net.minecraft.network.PacketProcessor.executeSinglePacket(PacketProcessor.java:33) ~[paper-1.21.11.jar:1.21.11-130-c5a2736]
	at net.minecraft.server.MinecraftServer.pollTask(MinecraftServer.java:1499) ~[paper-1.21.11.jar:1.21.11-130-c5a2736]
	at net.minecraft.server.MinecraftServer.recordTaskExecutionTimeWhileWaiting(MinecraftServer.java:1225) ~[paper-1.21.11.jar:1.21.11-130-c5a2736]
	at net.minecraft.server.MinecraftServer.runServer(MinecraftServer.java:1341) ~[paper-1.21.11.jar:1.21.11-130-c5a2736]
	at net.minecraft.server.MinecraftServer.lambda$spin$2(MinecraftServer.java:388) ~[paper-1.21.11.jar:1.21.11-130-c5a2736]
	at java.base/java.lang.Thread.run(Thread.java:1474) ~[?:?]
[09:07:23] [Server thread/WARN]: [SkyWars] Task #14 for SkyWars v1.0.0 generated an exception
java.lang.NoSuchFieldError: Class org.bukkit.Sound does not have member field 'org.bukkit.Sound NOTE_PLING'
	at SkyWars1.0.0.jar//com.sky.isles.Main$1.run(Main.java:746) ~[?:?]
	at org.bukkit.craftbukkit.scheduler.CraftTask.run(CraftTask.java:78) ~[paper-1.21.11.jar:1.21.11-130-c5a2736]
	at org.bukkit.craftbukkit.scheduler.CraftScheduler.mainThreadHeartbeat(CraftScheduler.java:474) ~[paper-1.21.11.jar:1.21.11-130-c5a2736]
	at net.minecraft.server.MinecraftServer.tickChildren(MinecraftServer.java:1756) ~[paper-1.21.11.jar:1.21.11-130-c5a2736]
	at net.minecraft.server.MinecraftServer.tickServer(MinecraftServer.java:1611) ~[paper-1.21.11.jar:1.21.11-130-c5a2736]
	at net.minecraft.server.dedicated.DedicatedServer.tickServer(DedicatedServer.java:427) ~[paper-1.21.11.jar:1.21.11-130-c5a2736]
	at net.minecraft.server.MinecraftServer.processPacketsAndTick(MinecraftServer.java:1667) ~[paper-1.21.11.jar:1.21.11-130-c5a2736]
	at net.minecraft.server.MinecraftServer.runServer(MinecraftServer.java:1335) ~[paper-1.21.11.jar:1.21.11-130-c5a2736]
	at net.minecraft.server.MinecraftServer.lambda$spin$2(MinecraftServer.java:388) ~[paper-1.21.11.jar:1.21.11-130-c5a2736]
	at java.base/java.lang.Thread.run(Thread.java:1474) ~[?:?]
[09:07:24] [Server thread/WARN]: [SkyWars] Task #14 for SkyWars v1.0.0 generated an exception
java.lang.NoSuchFieldError: Class org.bukkit.Sound does not have member field 'org.bukkit.Sound NOTE_PLING'
	at SkyWars1.0.0.jar//com.sky.isles.Main$1.run(Main.java:746) ~[?:?]
	at org.bukkit.craftbukkit.scheduler.CraftTask.run(CraftTask.java:78) ~[paper-1.21.11.jar:1.21.11-130-c5a2736]
	at org.bukkit.craftbukkit.scheduler.CraftScheduler.mainThreadHeartbeat(CraftScheduler.java:474) ~[paper-1.21.11.jar:1.21.11-130-c5a2736]
	at net.minecraft.server.MinecraftServer.tickChildren(MinecraftServer.java:1756) ~[paper-1.21.11.jar:1.21.11-130-c5a2736]
	at net.minecraft.server.MinecraftServer.tickServer(MinecraftServer.java:1611) ~[paper-1.21.11.jar:1.21.11-130-c5a2736]
	at net.minecraft.server.dedicated.DedicatedServer.tickServer(DedicatedServer.java:427) ~[paper-1.21.11.jar:1.21.11-130-c5a2736]
	at net.minecraft.server.MinecraftServer.processPacketsAndTick(MinecraftServer.java:1667) ~[paper-1.21.11.jar:1.21.11-130-c5a2736]
	at net.minecraft.server.MinecraftServer.runServer(MinecraftServer.java:1335) ~[paper-1.21.11.jar:1.21.11-130-c5a2736]
	at net.minecraft.server.MinecraftServer.lambda$spin$2(MinecraftServer.java:388) ~[paper-1.21.11.jar:1.21.11-130-c5a2736]
	at java.base/java.lang.Thread.run(Thread.java:1474) ~[?:?]
[09:07:25] [Server thread/WARN]: [SkyWars] Task #14 for SkyWars v1.0.0 generated an exception
java.lang.NoSuchFieldError: Class org.bukkit.Sound does not have member field 'org.bukkit.Sound NOTE_PLING'
	at SkyWars1.0.0.jar//com.sky.isles.Main$1.run(Main.java:746) ~[?:?]
	at org.bukkit.craftbukkit.scheduler.CraftTask.run(CraftTask.java:78) ~[paper-1.21.11.jar:1.21.11-130-c5a2736]
	at org.bukkit.craftbukkit.scheduler.CraftScheduler.mainThreadHeartbeat(CraftScheduler.java:474) ~[paper-1.21.11.jar:1.21.11-130-c5a2736]
	at net.minecraft.server.MinecraftServer.tickChildren(MinecraftServer.java:1756) ~[paper-1.21.11.jar:1.21.11-130-c5a2736]
	at net.minecraft.server.MinecraftServer.tickServer(MinecraftServer.java:1611) ~[paper-1.21.11.jar:1.21.11-130-c5a2736]
	at net.minecraft.server.dedicated.DedicatedServer.tickServer(DedicatedServer.java:427) ~[paper-1.21.11.jar:1.21.11-130-c5a2736]
	at net.minecraft.server.MinecraftServer.processPacketsAndTick(MinecraftServer.java:1667) ~[paper-1.21.11.jar:1.21.11-130-c5a2736]
	at net.minecraft.server.MinecraftServer.runServer(MinecraftServer.java:1335) ~[paper-1.21.11.jar:1.21.11-130-c5a2736]
	at net.minecraft.server.MinecraftServer.lambda$spin$2(MinecraftServer.java:388) ~[paper-1.21.11.jar:1.21.11-130-c5a2736]
	at java.base/java.lang.Thread.run(Thread.java:1474) ~[?:?]
[09:07:26] [Server thread/WARN]: [SkyWars] Task #14 for SkyWars v1.0.0 generated an exception
java.lang.NoSuchFieldError: Class org.bukkit.Sound does not have member field 'org.bukkit.Sound NOTE_PLING'
	at SkyWars1.0.0.jar//com.sky.isles.Main$1.run(Main.java:746) ~[?:?]
	at org.bukkit.craftbukkit.scheduler.CraftTask.run(CraftTask.java:78) ~[paper-1.21.11.jar:1.21.11-130-c5a2736]
	at org.bukkit.craftbukkit.scheduler.CraftScheduler.mainThreadHeartbeat(CraftScheduler.java:474) ~[paper-1.21.11.jar:1.21.11-130-c5a2736]
	at net.minecraft.server.MinecraftServer.tickChildren(MinecraftServer.java:1756) ~[paper-1.21.11.jar:1.21.11-130-c5a2736]
	at net.minecraft.server.MinecraftServer.tickServer(MinecraftServer.java:1611) ~[paper-1.21.11.jar:1.21.11-130-c5a2736]
	at net.minecraft.server.dedicated.DedicatedServer.tickServer(DedicatedServer.java:427) ~[paper-1.21.11.jar:1.21.11-130-c5a2736]
	at net.minecraft.server.MinecraftServer.processPacketsAndTick(MinecraftServer.java:1667) ~[paper-1.21.11.jar:1.21.11-130-c5a2736]
	at net.minecraft.server.MinecraftServer.runServer(MinecraftServer.java:1335) ~[paper-1.21.11.jar:1.21.11-130-c5a2736]
	at net.minecraft.server.MinecraftServer.lambda$spin$2(MinecraftServer.java:388) ~[paper-1.21.11.jar:1.21.11-130-c5a2736]
	at java.base/java.lang.Thread.run(Thread.java:1474) ~[?:?]
[09:07:27] [Server thread/WARN]: [SkyWars] Task #14 for SkyWars v1.0.0 generated an exception
java.lang.NoSuchFieldError: Class org.bukkit.Sound does not have member field 'org.bukkit.Sound NOTE_PLING'
	at SkyWars1.0.0.jar//com.sky.isles.Main$1.run(Main.java:746) ~[?:?]
	at org.bukkit.craftbukkit.scheduler.CraftTask.run(CraftTask.java:78) ~[paper-1.21.11.jar:1.21.11-130-c5a2736]
	at org.bukkit.craftbukkit.scheduler.CraftScheduler.mainThreadHeartbeat(CraftScheduler.java:474) ~[paper-1.21.11.jar:1.21.11-130-c5a2736]
	at net.minecraft.server.MinecraftServer.tickChildren(MinecraftServer.java:1756) ~[paper-1.21.11.jar:1.21.11-130-c5a2736]
	at net.minecraft.server.MinecraftServer.tickServer(MinecraftServer.java:1611) ~[paper-1.21.11.jar:1.21.11-130-c5a2736]
	at net.minecraft.server.dedicated.DedicatedServer.tickServer(DedicatedServer.java:427) ~[paper-1.21.11.jar:1.21.11-130-c5a2736]
	at net.minecraft.server.MinecraftServer.processPacketsAndTick(MinecraftServer.java:1667) ~[paper-1.21.11.jar:1.21.11-130-c5a2736]
	at net.minecraft.server.MinecraftServer.runServer(MinecraftServer.java:1335) ~[paper-1.21.11.jar:1.21.11-130-c5a2736]
	at net.minecraft.server.MinecraftServer.lambda$spin$2(MinecraftServer.java:388) ~[paper-1.21.11.jar:1.21.11-130-c5a2736]
	at java.base/java.lang.Thread.run(Thread.java:1474) ~[?:?]
[09:07:28] [Server thread/WARN]: [SkyWars] Task #14 for SkyWars v1.0.0 generated an exception
java.lang.NoSuchFieldError: Class org.bukkit.Sound does not have member field 'org.bukkit.Sound NOTE_PLING'
	at SkyWars1.0.0.jar//com.sky.isles.Main$1.run(Main.java:746) ~[?:?]
	at org.bukkit.craftbukkit.scheduler.CraftTask.run(CraftTask.java:78) ~[paper-1.21.11.jar:1.21.11-130-c5a2736]
	at org.bukkit.craftbukkit.scheduler.CraftScheduler.mainThreadHeartbeat(CraftScheduler.java:474) ~[paper-1.21.11.jar:1.21.11-130-c5a2736]
	at net.minecraft.server.MinecraftServer.tickChildren(MinecraftServer.java:1756) ~[paper-1.21.11.jar:1.21.11-130-c5a2736]
	at net.minecraft.server.MinecraftServer.tickServer(MinecraftServer.java:1611) ~[paper-1.21.11.jar:1.21.11-130-c5a2736]
	at net.minecraft.server.dedicated.DedicatedServer.tickServer(DedicatedServer.java:427) ~[paper-1.21.11.jar:1.21.11-130-c5a2736]
	at net.minecraft.server.MinecraftServer.processPacketsAndTick(MinecraftServer.java:1667) ~[paper-1.21.11.jar:1.21.11-130-c5a2736]
	at net.minecraft.server.MinecraftServer.runServer(MinecraftServer.java:1335) ~[paper-1.21.11.jar:1.21.11-130-c5a2736]
	at net.minecraft.server.MinecraftServer.lambda$spin$2(MinecraftServer.java:388) ~[paper-1.21.11.jar:1.21.11-130-c5a2736]
	at java.base/java.lang.Thread.run(Thread.java:1474) ~[?:?]
[09:07:29] [Server thread/WARN]: [SkyWars] Task #14 for SkyWars v1.0.0 generated an exception
java.lang.NoSuchFieldError: Class org.bukkit.Sound does not have member field 'org.bukkit.Sound NOTE_PLING'
	at SkyWars1.0.0.jar//com.sky.isles.Main$1.run(Main.java:746) ~[?:?]
	at org.bukkit.craftbukkit.scheduler.CraftTask.run(CraftTask.java:78) ~[paper-1.21.11.jar:1.21.11-130-c5a2736]
	at org.bukkit.craftbukkit.scheduler.CraftScheduler.mainThreadHeartbeat(CraftScheduler.java:474) ~[paper-1.21.11.jar:1.21.11-130-c5a2736]
	at net.minecraft.server.MinecraftServer.tickChildren(MinecraftServer.java:1756) ~[paper-1.21.11.jar:1.21.11-130-c5a2736]
	at net.minecraft.server.MinecraftServer.tickServer(MinecraftServer.java:1611) ~[paper-1.21.11.jar:1.21.11-130-c5a2736]
	at net.minecraft.server.dedicated.DedicatedServer.tickServer(DedicatedServer.java:427) ~[paper-1.21.11.jar:1.21.11-130-c5a2736]
	at net.minecraft.server.MinecraftServer.processPacketsAndTick(MinecraftServer.java:1667) ~[paper-1.21.11.jar:1.21.11-130-c5a2736]
	at net.minecraft.server.MinecraftServer.runServer(MinecraftServer.java:1335) ~[paper-1.21.11.jar:1.21.11-130-c5a2736]
	at net.minecraft.server.MinecraftServer.lambda$spin$2(MinecraftServer.java:388) ~[paper-1.21.11.jar:1.21.11-130-c5a2736]
	at java.base/java.lang.Thread.run(Thread.java:1474) ~[?:?]
[09:07:30] [Server thread/WARN]: [SkyWars] Task #14 for SkyWars v1.0.0 generated an exception
java.lang.NoSuchFieldError: Class org.bukkit.Sound does not have member field 'org.bukkit.Sound NOTE_PLING'
	at SkyWars1.0.0.jar//com.sky.isles.Main$1.run(Main.java:746) ~[?:?]
	at org.bukkit.craftbukkit.scheduler.CraftTask.run(CraftTask.java:78) ~[paper-1.21.11.jar:1.21.11-130-c5a2736]
	at org.bukkit.craftbukkit.scheduler.CraftScheduler.mainThreadHeartbeat(CraftScheduler.java:474) ~[paper-1.21.11.jar:1.21.11-130-c5a2736]
	at net.minecraft.server.MinecraftServer.tickChildren(MinecraftServer.java:1756) ~[paper-1.21.11.jar:1.21.11-130-c5a2736]
	at net.minecraft.server.MinecraftServer.tickServer(MinecraftServer.java:1611) ~[paper-1.21.11.jar:1.21.11-130-c5a2736]
	at net.minecraft.server.dedicated.DedicatedServer.tickServer(DedicatedServer.java:427) ~[paper-1.21.11.jar:1.21.11-130-c5a2736]
	at net.minecraft.server.MinecraftServer.processPacketsAndTick(MinecraftServer.java:1667) ~[paper-1.21.11.jar:1.21.11-130-c5a2736]
	at net.minecraft.server.MinecraftServer.runServer(MinecraftServer.java:1335) ~[paper-1.21.11.jar:1.21.11-130-c5a2736]
	at net.minecraft.server.MinecraftServer.lambda$spin$2(MinecraftServer.java:388) ~[paper-1.21.11.jar:1.21.11-130-c5a2736]
	at java.base/java.lang.Thread.run(Thread.java:1474) ~[?:?]
[09:07:31] [Server thread/WARN]: [SkyWars] Task #14 for SkyWars v1.0.0 generated an exception
java.lang.NoSuchFieldError: Class org.bukkit.Sound does not have member field 'org.bukkit.Sound NOTE_PLING'
	at SkyWars1.0.0.jar//com.sky.isles.Main$1.run(Main.java:746) ~[?:?]
	at org.bukkit.craftbukkit.scheduler.CraftTask.run(CraftTask.java:78) ~[paper-1.21.11.jar:1.21.11-130-c5a2736]
	at org.bukkit.craftbukkit.scheduler.CraftScheduler.mainThreadHeartbeat(CraftScheduler.java:474) ~[paper-1.21.11.jar:1.21.11-130-c5a2736]
	at net.minecraft.server.MinecraftServer.tickChildren(MinecraftServer.java:1756) ~[paper-1.21.11.jar:1.21.11-130-c5a2736]
	at net.minecraft.server.MinecraftServer.tickServer(MinecraftServer.java:1611) ~[paper-1.21.11.jar:1.21.11-130-c5a2736]
	at net.minecraft.server.dedicated.DedicatedServer.tickServer(DedicatedServer.java:427) ~[paper-1.21.11.jar:1.21.11-130-c5a2736]
	at net.minecraft.server.MinecraftServer.processPacketsAndTick(MinecraftServer.java:1667) ~[paper-1.21.11.jar:1.21.11-130-c5a2736]
	at net.minecraft.server.MinecraftServer.runServer(MinecraftServer.java:1335) ~[paper-1.21.11.jar:1.21.11-130-c5a2736]
	at net.minecraft.server.MinecraftServer.lambda$spin$2(MinecraftServer.java:388) ~[paper-1.21.11.jar:1.21.11-130-c5a2736]
	at java.base/java.lang.Thread.run(Thread.java:1474) ~[?:?]
[09:07:32] [Server thread/WARN]: [SkyWars] Task #14 for SkyWars v1.0.0 generated an exception
java.lang.NoSuchFieldError: Class org.bukkit.Sound does not have member field 'org.bukkit.Sound NOTE_PLING'
	at SkyWars1.0.0.jar//com.sky.isles.Main$1.run(Main.java:746) ~[?:?]
	at org.bukkit.craftbukkit.scheduler.CraftTask.run(CraftTask.java:78) ~[paper-1.21.11.jar:1.21.11-130-c5a2736]
	at org.bukkit.craftbukkit.scheduler.CraftScheduler.mainThreadHeartbeat(CraftScheduler.java:474) ~[paper-1.21.11.jar:1.21.11-130-c5a2736]
	at net.minecraft.server.MinecraftServer.tickChildren(MinecraftServer.java:1756) ~[paper-1.21.11.jar:1.21.11-130-c5a2736]
	at net.minecraft.server.MinecraftServer.tickServer(MinecraftServer.java:1611) ~[paper-1.21.11.jar:1.21.11-130-c5a2736]
	at net.minecraft.server.dedicated.DedicatedServer.tickServer(DedicatedServer.java:427) ~[paper-1.21.11.jar:1.21.11-130-c5a2736]
	at net.minecraft.server.MinecraftServer.processPacketsAndTick(MinecraftServer.java:1667) ~[paper-1.21.11.jar:1.21.11-130-c5a2736]
	at net.minecraft.server.MinecraftServer.runServer(MinecraftServer.java:1335) ~[paper-1.21.11.jar:1.21.11-130-c5a2736]
	at net.minecraft.server.MinecraftServer.lambda$spin$2(MinecraftServer.java:388) ~[paper-1.21.11.jar:1.21.11-130-c5a2736]
	at java.base/java.lang.Thread.run(Thread.java:1474) ~[?:?]
[09:07:33] [Server thread/WARN]: [SkyWars] Task #14 for SkyWars v1.0.0 generated an exception
java.lang.NoSuchFieldError: Class org.bukkit.Sound does not have member field 'org.bukkit.Sound NOTE_PLING'
	at SkyWars1.0.0.jar//com.sky.isles.Main$1.run(Main.java:746) ~[?:?]
	at org.bukkit.craftbukkit.scheduler.CraftTask.run(CraftTask.java:78) ~[paper-1.21.11.jar:1.21.11-130-c5a2736]
	at org.bukkit.craftbukkit.scheduler.CraftScheduler.mainThreadHeartbeat(CraftScheduler.java:474) ~[paper-1.21.11.jar:1.21.11-130-c5a2736]
	at net.minecraft.server.MinecraftServer.tickChildren(MinecraftServer.java:1756) ~[paper-1.21.11.jar:1.21.11-130-c5a2736]
	at net.minecraft.server.MinecraftServer.tickServer(MinecraftServer.java:1611) ~[paper-1.21.11.jar:1.21.11-130-c5a2736]
	at net.minecraft.server.dedicated.DedicatedServer.tickServer(DedicatedServer.java:427) ~[paper-1.21.11.jar:1.21.11-130-c5a2736]
	at net.minecraft.server.MinecraftServer.processPacketsAndTick(MinecraftServer.java:1667) ~[paper-1.21.11.jar:1.21.11-130-c5a2736]
	at net.minecraft.server.MinecraftServer.runServer(MinecraftServer.java:1335) ~[paper-1.21.11.jar:1.21.11-130-c5a2736]
	at net.minecraft.server.MinecraftServer.lambda$spin$2(MinecraftServer.java:388) ~[paper-1.21.11.jar:1.21.11-130-c5a2736]
	at java.base/java.lang.Thread.run(Thread.java:1474) ~[?:?]
[09:07:34] [Server thread/WARN]: [SkyWars] Task #14 for SkyWars v1.0.0 generated an exception
java.lang.NoSuchFieldError: Class org.bukkit.Sound does not have member field 'org.bukkit.Sound NOTE_PLING'
	at SkyWars1.0.0.jar//com.sky.isles.Main$1.run(Main.java:746) ~[?:?]
	at org.bukkit.craftbukkit.scheduler.CraftTask.run(CraftTask.java:78) ~[paper-1.21.11.jar:1.21.11-130-c5a2736]
	at org.bukkit.craftbukkit.scheduler.CraftScheduler.mainThreadHeartbeat(CraftScheduler.java:474) ~[paper-1.21.11.jar:1.21.11-130-c5a2736]
	at net.minecraft.server.MinecraftServer.tickChildren(MinecraftServer.java:1756) ~[paper-1.21.11.jar:1.21.11-130-c5a2736]
	at net.minecraft.server.MinecraftServer.tickServer(MinecraftServer.java:1611) ~[paper-1.21.11.jar:1.21.11-130-c5a2736]
	at net.minecraft.server.dedicated.DedicatedServer.tickServer(DedicatedServer.java:427) ~[paper-1.21.11.jar:1.21.11-130-c5a2736]
	at net.minecraft.server.MinecraftServer.processPacketsAndTick(MinecraftServer.java:1667) ~[paper-1.21.11.jar:1.21.11-130-c5a2736]
	at net.minecraft.server.MinecraftServer.runServer(MinecraftServer.java:1335) ~[paper-1.21.11.jar:1.21.11-130-c5a2736]
	at net.minecraft.server.MinecraftServer.lambda$spin$2(MinecraftServer.java:388) ~[paper-1.21.11.jar:1.21.11-130-c5a2736]
	at java.base/java.lang.Thread.run(Thread.java:1474) ~[?:?]
[09:07:35] [Server thread/WARN]: [SkyWars] Task #14 for SkyWars v1.0.0 generated an exception
java.lang.NoSuchFieldError: Class org.bukkit.Sound does not have member field 'org.bukkit.Sound NOTE_PLING'
	at SkyWars1.0.0.jar//com.sky.isles.Main$1.run(Main.java:746) ~[?:?]
	at org.bukkit.craftbukkit.scheduler.CraftTask.run(CraftTask.java:78) ~[paper-1.21.11.jar:1.21.11-130-c5a2736]
	at org.bukkit.craftbukkit.scheduler.CraftScheduler.mainThreadHeartbeat(CraftScheduler.java:474) ~[paper-1.21.11.jar:1.21.11-130-c5a2736]
	at net.minecraft.server.MinecraftServer.tickChildren(MinecraftServer.java:1756) ~[paper-1.21.11.jar:1.21.11-130-c5a2736]
	at net.minecraft.server.MinecraftServer.tickServer(MinecraftServer.java:1611) ~[paper-1.21.11.jar:1.21.11-130-c5a2736]
	at net.minecraft.server.dedicated.DedicatedServer.tickServer(DedicatedServer.java:427) ~[paper-1.21.11.jar:1.21.11-130-c5a2736]
	at net.minecraft.server.MinecraftServer.processPacketsAndTick(MinecraftServer.java:1667) ~[paper-1.21.11.jar:1.21.11-130-c5a2736]
	at net.minecraft.server.MinecraftServer.runServer(MinecraftServer.java:1335) ~[paper-1.21.11.jar:1.21.11-130-c5a2736]
	at net.minecraft.server.MinecraftServer.lambda$spin$2(MinecraftServer.java:388) ~[paper-1.21.11.jar:1.21.11-130-c5a2736]
	at java.base/java.lang.Thread.run(Thread.java:1474) ~[?:?]
[09:07:36] [Server thread/WARN]: [SkyWars] Task #14 for SkyWars v1.0.0 generated an exception
java.lang.NoSuchFieldError: Class org.bukkit.Sound does not have member field 'org.bukkit.Sound NOTE_PLING'
	at SkyWars1.0.0.jar//com.sky.isles.Main$1.run(Main.java:746) ~[?:?]
	at org.bukkit.craftbukkit.scheduler.CraftTask.run(CraftTask.java:78) ~[paper-1.21.11.jar:1.21.11-130-c5a2736]
	at org.bukkit.craftbukkit.scheduler.CraftScheduler.mainThreadHeartbeat(CraftScheduler.java:474) ~[paper-1.21.11.jar:1.21.11-130-c5a2736]
	at net.minecraft.server.MinecraftServer.tickChildren(MinecraftServer.java:1756) ~[paper-1.21.11.jar:1.21.11-130-c5a2736]
	at net.minecraft.server.MinecraftServer.tickServer(MinecraftServer.java:1611) ~[paper-1.21.11.jar:1.21.11-130-c5a2736]
	at net.minecraft.server.dedicated.DedicatedServer.tickServer(DedicatedServer.java:427) ~[paper-1.21.11.jar:1.21.11-130-c5a2736]
	at net.minecraft.server.MinecraftServer.processPacketsAndTick(MinecraftServer.java:1667) ~[paper-1.21.11.jar:1.21.11-130-c5a2736]
	at net.minecraft.server.MinecraftServer.runServer(MinecraftServer.java:1335) ~[paper-1.21.11.jar:1.21.11-130-c5a2736]
	at net.minecraft.server.MinecraftServer.lambda$spin$2(MinecraftServer.java:388) ~[paper-1.21.11.jar:1.21.11-130-c5a2736]
	at java.base/java.lang.Thread.run(Thread.java:1474) ~[?:?]
[09:07:37] [Server thread/WARN]: [SkyWars] Task #14 for SkyWars v1.0.0 generated an exception
java.lang.NoSuchFieldError: Class org.bukkit.Sound does not have member field 'org.bukkit.Sound NOTE_PLING'
	at SkyWars1.0.0.jar//com.sky.isles.Main$1.run(Main.java:746) ~[?:?]
	at org.bukkit.craftbukkit.scheduler.CraftTask.run(CraftTask.java:78) ~[paper-1.21.11.jar:1.21.11-130-c5a2736]
	at org.bukkit.craftbukkit.scheduler.CraftScheduler.mainThreadHeartbeat(CraftScheduler.java:474) ~[paper-1.21.11.jar:1.21.11-130-c5a2736]
	at net.minecraft.server.MinecraftServer.tickChildren(MinecraftServer.java:1756) ~[paper-1.21.11.jar:1.21.11-130-c5a2736]
	at net.minecraft.server.MinecraftServer.tickServer(MinecraftServer.java:1611) ~[paper-1.21.11.jar:1.21.11-130-c5a2736]
	at net.minecraft.server.dedicated.DedicatedServer.tickServer(DedicatedServer.java:427) ~[paper-1.21.11.jar:1.21.11-130-c5a2736]
	at net.minecraft.server.MinecraftServer.processPacketsAndTick(MinecraftServer.java:1667) ~[paper-1.21.11.jar:1.21.11-130-c5a2736]
	at net.minecraft.server.MinecraftServer.runServer(MinecraftServer.java:1335) ~[paper-1.21.11.jar:1.21.11-130-c5a2736]
	at net.minecraft.server.MinecraftServer.lambda$spin$2(MinecraftServer.java:388) ~[paper-1.21.11.jar:1.21.11-130-c5a2736]
	at java.base/java.lang.Thread.run(Thread.java:1474) ~[?:?]
[09:07:38] [Server thread/INFO]: Jay_V0 lost connection: Disconnected
[09:07:38] [Server thread/INFO]: Jay_V0 left the game
[09:07:41] [Server thread/INFO]: Stopping the server
[09:07:41] [Server thread/INFO]: Stopping server
[09:07:41] [Server thread/INFO]: [WorldEdit] Disabling WorldEdit v7.4.2+7450-eb8e82c
[09:07:41] [Server thread/INFO]: Unregistering com.sk89q.worldedit.bukkit.BukkitServerInterface from WorldEdit
[09:07:41] [Server thread/INFO]: [Essentials] Disabling Essentials v2.22.0-dev+104-87bde72
[09:07:41] [Server thread/INFO]: [ViaBackwards] Disabling ViaBackwards v5.8.1
[09:07:41] [Server thread/INFO]: [SkyWars] Disabling SkyWars v1.0.0
[09:07:41] [Server thread/INFO]: [ViaVersion] Disabling ViaVersion v5.8.1
[09:07:41] [Server thread/INFO]: [ViaVersion] ViaVersion has been disabled; uninjected the platform and shut down the scheduler.
[09:07:41] [Server thread/INFO]: Saving players
[09:07:41] [Server thread/INFO]: Saving worlds
[09:07:41] [Server thread/INFO]: Saving chunks for level 'ServerLevel[world]'/minecraft:overworld
[09:07:41] [Server thread/INFO]: [ChunkHolderManager] Waiting 60s for chunk system to halt for world 'world'
[09:07:41] [Server thread/INFO]: [ChunkHolderManager] Halted chunk system for world 'world'
[09:07:41] [Server thread/INFO]: [ChunkHolderManager] Saving all chunkholders for world 'world'
[09:07:42] [Server thread/INFO]: [ChunkHolderManager] Saved 2209 block chunks, 790 entity chunks, 12 poi chunks in world 'world' in 0,58s
[09:07:42] [Server thread/INFO]: [ChunkHolderManager] Waiting 60s for chunk I/O to halt for world 'world'
[09:07:42] [Server thread/INFO]: [ChunkHolderManager] Halted I/O scheduler for world 'world'
[09:07:42] [Server thread/INFO]: Saving chunks for level 'ServerLevel[world_nether]'/minecraft:the_nether
[09:07:42] [Server thread/INFO]: [ChunkHolderManager] Waiting 60s for chunk system to halt for world 'world_nether'
[09:07:42] [Server thread/INFO]: [ChunkHolderManager] Halted chunk system for world 'world_nether'
[09:07:42] [Server thread/INFO]: [ChunkHolderManager] Saving all chunkholders for world 'world_nether'
[09:07:42] [Server thread/INFO]: [ChunkHolderManager] Saved 0 block chunks, 0 entity chunks, 0 poi chunks in world 'world_nether' in 0,01s
[09:07:42] [Server thread/INFO]: [ChunkHolderManager] Waiting 60s for chunk I/O to halt for world 'world_nether'
[09:07:42] [Server thread/INFO]: [ChunkHolderManager] Halted I/O scheduler for world 'world_nether'
[09:07:42] [Server thread/INFO]: Saving chunks for level 'ServerLevel[world_the_end]'/minecraft:the_end
[09:07:42] [Server thread/INFO]: [ChunkHolderManager] Waiting 60s for chunk system to halt for world 'world_the_end'
[09:07:42] [Server thread/INFO]: [ChunkHolderManager] Halted chunk system for world 'world_the_end'
[09:07:42] [Server thread/INFO]: [ChunkHolderManager] Saving all chunkholders for world 'world_the_end'
[09:07:42] [Server thread/INFO]: [ChunkHolderManager] Saved 0 block chunks, 0 entity chunks, 0 poi chunks in world 'world_the_end' in 0,01s
[09:07:42] [Server thread/INFO]: [ChunkHolderManager] Waiting 60s for chunk I/O to halt for world 'world_the_end'
[09:07:42] [Server thread/INFO]: [ChunkHolderManager] Halted I/O scheduler for world 'world_the_end'
[09:07:42] [Server thread/INFO]: ThreadedAnvilChunkStorage (world): All chunks are saved
[09:07:42] [Server thread/INFO]: ThreadedAnvilChunkStorage (DIM-1): All chunks are saved
[09:07:42] [Server thread/INFO]: ThreadedAnvilChunkStorage (DIM1): All chunks are saved
[09:07:42] [Server thread/INFO]: ThreadedAnvilChunkStorage: All dimensions are saved
[09:07:42] [Server thread/INFO]: Waiting for all RegionFile I/O tasks to complete...
[09:07:42] [Server thread/INFO]: All RegionFile I/O tasks to complete
[09:07:42] [Server thread/INFO]: [MoonriseCommon] Awaiting termination of worker pool for up to 60s...
[09:07:42] [Server thread/INFO]: [MoonriseCommon] Awaiting termination of I/O pool for up to 60s...
