[11:17:23] [ServerMain/INFO]: [bootstrap] Running Java 25 (OpenJDK 64-Bit Server VM 25.0.1+8-27; Oracle Corporation null) on Mac OS X 26.3.1 (aarch64)
[11:17:23] [ServerMain/INFO]: [bootstrap] Loading Paper 1.21.11-130-ver/1.21.11@c5a2736 (2026-04-11T11:14:19Z) for Minecraft 1.21.11
[11:17:24] [ServerMain/INFO]: [PluginInitializerManager] Initializing plugins...
[11:17:24] [ServerMain/INFO]: [PluginInitializerManager] Initialized 7 plugins
[11:17:24] [ServerMain/INFO]: [PluginInitializerManager] Bukkit plugins (7):
 - CustomDuels (6.0), Essentials (2.22.0-dev+104-87bde72), PlaceholderAPI (2.12.2), ViaBackwards (5.8.1), ViaVersion (5.8.1), WorldEdit (7.4.2+7450-eb8e82c), WorldGuard (7.0.16+2355-f7fded2)
[11:17:26] [ServerMain/INFO]: Environment: Environment[sessionHost=https://sessionserver.mojang.com, servicesHost=https://api.minecraftservices.com, profilesHost=https://api.mojang.com, name=PROD]
[11:17:27] [ServerMain/INFO]: Loaded 1470 recipes
[11:17:27] [ServerMain/INFO]: Loaded 1584 advancements
[11:17:27] [ServerMain/INFO]: [ca.spottedleaf.dataconverter.minecraft.datatypes.MCTypeRegistry] Initialising converters for DataConverter...
[11:17:27] [ServerMain/INFO]: [ca.spottedleaf.dataconverter.minecraft.datatypes.MCTypeRegistry] Finished initialising converters for DataConverter in 120,6ms
[11:17:27] [Server thread/INFO]: Starting minecraft server version 1.21.11
[11:17:27] [Server thread/INFO]: Loading properties
[11:17:27] [Server thread/INFO]: This server is running Paper version 1.21.11-130-ver/1.21.11@c5a2736 (2026-04-11T11:14:19Z) (Implementing API version 1.21.11-R0.1-SNAPSHOT)
[11:17:27] [Server thread/INFO]: [spark] This server bundles the spark profiler. For more information please visit https://docs.papermc.io/paper/profiling
[11:17:27] [Server thread/INFO]: Server Ping Player Sample Count: 12
[11:17:27] [Server thread/INFO]: Using 4 threads for Netty based IO
[11:17:28] [Server thread/INFO]: [MoonriseCommon] Paper is using 2 worker threads, 1 I/O threads
[11:17:28] [Server thread/INFO]: Default game type: SURVIVAL
[11:17:28] [Server thread/INFO]: Generating keypair
[11:17:28] [Server thread/INFO]: Starting Minecraft server on *:25565
[11:17:28] [Server thread/INFO]: Paper: Using libdeflate (macOS ARM64 / Apple Silicon) compression from Velocity.
[11:17:28] [Server thread/INFO]: Paper: Using native (macOS ARM64 / Apple Silicon) cipher from Velocity.
[11:17:28] [Server thread/INFO]: [WorldEdit] Loading server plugin WorldEdit v7.4.2+7450-eb8e82c
[11:17:28] [Server thread/INFO]: Got request to register class com.sk89q.worldedit.bukkit.BukkitServerInterface with WorldEdit [com.sk89q.worldedit.extension.platform.PlatformManager@42db980d]
[11:17:28] [Server thread/INFO]: [ViaVersion] Loading server plugin ViaVersion v5.8.1
[11:17:28] [Server thread/INFO]: [ViaVersion] ViaVersion 5.8.1 is now loaded. Registering protocol transformers and injecting...
[11:17:28] [Via-Mappingloader-1/INFO]: [ViaVersion] Loading block connection mappings ...
[11:17:29] [Via-Mappingloader-1/INFO]: [ViaVersion] Using FastUtil Long2ObjectOpenHashMap for block connections
[11:17:29] [Server thread/INFO]: [ViaBackwards] Loading translations...
[11:17:29] [Server thread/INFO]: [ViaBackwards] Registering protocols...
[11:17:29] [Server thread/INFO]: [WorldGuard] Loading server plugin WorldGuard v7.0.16+2355-f7fded2
[11:17:29] [Server thread/INFO]: [CustomDuels] Loading server plugin CustomDuels v6.0
[11:17:29] [Server thread/INFO]: [ViaBackwards] Loading server plugin ViaBackwards v5.8.1
[11:17:29] [Server thread/INFO]: [Essentials] Loading server plugin Essentials v2.22.0-dev+104-87bde72
[11:17:29] [Server thread/INFO]: [PlaceholderAPI] Loading server plugin PlaceholderAPI v2.12.2
[11:17:29] [Server thread/INFO]: Server permissions file permissions.yml is empty, ignoring it
[11:17:29] [Server thread/INFO]: [WorldEdit] Enabling WorldEdit v7.4.2+7450-eb8e82c
[11:17:29] [Server thread/INFO]: Registering commands with com.sk89q.worldedit.bukkit.BukkitServerInterface
[11:17:29] [Server thread/INFO]: WEPIF: Using the Bukkit Permissions API.
[11:17:29] [Server thread/INFO]: Using com.sk89q.worldedit.bukkit.adapter.impl.v1_21_11.PaperweightAdapter as the Bukkit adapter
[11:17:29] [Server thread/INFO]: Preparing level "world"
[11:17:29] [Server thread/INFO]: Loading 0 persistent chunks for world 'minecraft:overworld'...
[11:17:29] [Server thread/INFO]: Preparing spawn area: 100%
[11:17:29] [Server thread/INFO]: Prepared spawn area in 1 ms
[11:17:29] [Server thread/INFO]: Loading 0 persistent chunks for world 'minecraft:the_nether'...
[11:17:29] [Server thread/INFO]: Prepared spawn area in 0 ms
[11:17:29] [Server thread/INFO]: Loading 0 persistent chunks for world 'minecraft:the_end'...
[11:17:29] [Server thread/INFO]: Prepared spawn area in 1 ms
[11:17:29] [Server thread/INFO]: Done preparing level "world" (0.243s)
[11:17:29] [Server thread/INFO]: [ViaVersion] Enabling ViaVersion v5.8.1
[11:17:29] [Server thread/INFO]: [ViaVersion] ViaVersion detected server version: 1.21.11 (774)
[11:17:29] [Server thread/INFO]: [WorldGuard] Enabling WorldGuard v7.0.16+2355-f7fded2
[11:17:30] [Server thread/INFO]: [WorldGuard] (world) TNT ignition is PERMITTED.
[11:17:30] [Server thread/INFO]: [WorldGuard] (world) Lighters are PERMITTED.
[11:17:30] [Server thread/INFO]: [WorldGuard] (world) Lava fire is PERMITTED.
[11:17:30] [Server thread/INFO]: [WorldGuard] (world) Fire spread is UNRESTRICTED.
[11:17:30] [Server thread/INFO]: [WorldGuard] Loaded configuration for world 'world'
[11:17:30] [Server thread/INFO]: [WorldGuard] (world_nether) TNT ignition is PERMITTED.
[11:17:30] [Server thread/INFO]: [WorldGuard] (world_nether) Lighters are PERMITTED.
[11:17:30] [Server thread/INFO]: [WorldGuard] (world_nether) Lava fire is PERMITTED.
[11:17:30] [Server thread/INFO]: [WorldGuard] (world_nether) Fire spread is UNRESTRICTED.
[11:17:30] [Server thread/INFO]: [WorldGuard] Loaded configuration for world 'world_nether'
[11:17:30] [Server thread/INFO]: [WorldGuard] (world_the_end) TNT ignition is PERMITTED.
[11:17:30] [Server thread/INFO]: [WorldGuard] (world_the_end) Lighters are PERMITTED.
[11:17:30] [Server thread/INFO]: [WorldGuard] (world_the_end) Lava fire is PERMITTED.
[11:17:30] [Server thread/INFO]: [WorldGuard] (world_the_end) Fire spread is UNRESTRICTED.
[11:17:30] [Server thread/INFO]: [WorldGuard] Loaded configuration for world 'world_the_end'
[11:17:30] [Server thread/INFO]: [WorldGuard] Loading region data...
[11:17:30] [Server thread/INFO]: [CustomDuels] Enabling CustomDuels v6.0
[11:17:30] [Server thread/INFO]: [ViaBackwards] Enabling ViaBackwards v5.8.1
[11:17:30] [Server thread/INFO]: [Essentials] Enabling Essentials v2.22.0-dev+104-87bde72
[11:17:30] [Server thread/INFO]: [Essentials] Attempting to convert old kits in config.yml to new kits.yml
[11:17:30] [Server thread/INFO]: [Essentials] No kits found to migrate.
[11:17:30] [Server thread/INFO]: [Essentials] Selected 1.12.2+ Player Locale Provider as the provider for PlayerLocaleProvider
[11:17:30] [Server thread/INFO]: [Essentials] Selected 1.13+ Spawn Egg Provider as the provider for SpawnEggProvider
[11:17:30] [Server thread/INFO]: [Essentials] Selected 1.14+ Sign Data Provider as the provider for SignDataProvider
[11:17:30] [Server thread/INFO]: [Essentials] Selected 1.20.5+ Banner Data Provider as the provider for BannerDataProvider
[11:17:30] [Server thread/INFO]: [Essentials] Selected Paper Serialization Provider as the provider for SerializationProvider
[11:17:30] [Server thread/INFO]: [Essentials] Selected Paper Material Tag Provider as the provider for MaterialTagProvider
[11:17:30] [Server thread/INFO]: [Essentials] Selected Paper Container Provider as the provider for ContainerProvider
[11:17:30] [Server thread/INFO]: [Essentials] Selected 1.12+ Spawner Block Provider as the provider for SpawnerBlockProvider
[11:17:30] [Server thread/INFO]: [Essentials] Selected Paper Tick Count Provider as the provider for TickCountProvider
[11:17:30] [Server thread/INFO]: [Essentials] Selected 1.14.4+ Persistent Data Container Provider as the provider for PersistentDataProvider
[11:17:30] [Server thread/INFO]: [Essentials] Selected 1.21.4+ Sync Commands Provider as the provider for SyncCommandsProvider
[11:17:30] [Server thread/INFO]: [Essentials] Selected 1.11+ Item Unbreakable Provider as the provider for ItemUnbreakableProvider
[11:17:30] [Server thread/INFO]: [Essentials] Selected Paper Server State Provider as the provider for ServerStateProvider
[11:17:30] [Server thread/INFO]: [Essentials] Selected 1.21+ InventoryView Interface ABI Provider as the provider for InventoryViewProvider
[11:17:30] [Server thread/INFO]: [Essentials] Selected 1.17.1+ World Info Provider as the provider for WorldInfoProvider
[11:17:30] [Server thread/INFO]: [Essentials] Selected Reflection Online Mode Provider as the provider for OnlineModeProvider
[11:17:30] [Server thread/INFO]: [Essentials] Selected Paper Biome Key Provider as the provider for BiomeKeyProvider
[11:17:30] [Server thread/INFO]: [Essentials] Selected 1.20.4+ Damage Event Provider as the provider for DamageEventProvider
[11:17:30] [Server thread/INFO]: [Essentials] Selected Reflection Formatted Command Alias Provider as the provider for FormattedCommandAliasProvider
[11:17:30] [Server thread/INFO]: [Essentials] Selected Paper 1.13+ Tile Entity Provider as the provider for TileEntityProvider
[11:17:30] [Server thread/INFO]: [Essentials] Selected Paper Known Commands Provider as the provider for KnownCommandsProvider
[11:17:30] [Server thread/INFO]: [Essentials] Selected 1.20.6+ Potion Meta Provider as the provider for PotionMetaProvider
[11:17:30] [Server thread/INFO]: [Essentials] Selected 1.8.3+ Spawner Item Provider as the provider for SpawnerItemProvider
[11:17:30] [Server thread/INFO]: [Essentials] Selected Legacy Biome Name Provider as the provider for BiomeNameProvider
[11:17:30] [Server thread/INFO]: [Essentials] Loaded 46312 items from items.json.
[11:17:30] [Server thread/INFO]: [Essentials] Using locale nl_NL
[11:17:30] [Server thread/INFO]: [Essentials] ServerListPingEvent: Spigot iterator API
[11:17:30] [Server thread/INFO]: [Essentials] Starting Metrics. Opt-out using the global bStats config.
[11:17:30] [Server thread/INFO]: [Essentials] Using superperms-based permissions.
[11:17:30] [Server thread/INFO]: [PlaceholderAPI] Enabling PlaceholderAPI v2.12.2
[11:17:30] [Server thread/INFO]: [PlaceholderAPI] Fetching available expansion information...
[11:17:30] [Server thread/INFO]: [spark] Starting background profiler...
[11:17:31] [Server thread/INFO]: [PlaceholderAPI] Placeholder expansion registration initializing...
[11:17:31] [Server thread/INFO]: Running delayed init tasks
[11:17:31] [Craft Scheduler Thread - 2 - ViaVersion/INFO]: [ViaVersion] Finished mapping loading, shutting down loader executor.
[11:17:31] [Craft Scheduler Thread - 1 - Essentials/INFO]: [Essentials] Versie-informatie ophalen...
[11:17:31] [Server thread/INFO]: Done (8.488s)! For help, type "help"
[11:17:31] [Server thread/INFO]: 0 placeholder hook(s) registered!
[11:18:50] [User Authenticator #0/INFO]: UUID of player Jay_V0 is 9c61a572-30f1-42cb-a4d4-baf9f91471ee
[11:18:50] [Server thread/INFO]: [HorriblePlayerLoginEventHack] You have plugins listening to the PlayerLoginEvent, this will cause re-configuration APIs to be unavailable: [WorldGuard]
[11:18:51] [Server thread/INFO]: Jay_V0 joined the game
[11:18:51] [Server thread/INFO]: Jay_V0[/192.168.223.69:50886] logged in with entity id 1 at ([world]374.11685408378344, 71.0, -584.0424819316321)
[11:19:24] [Server thread/INFO]: Jay_V0 lost connection: Disconnected
[11:19:24] [Server thread/INFO]: Jay_V0 left the game
[11:19:44] [User Authenticator #0/INFO]: UUID of player Jay_V0 is 9c61a572-30f1-42cb-a4d4-baf9f91471ee
[11:19:44] [Server thread/INFO]: Jay_V0 joined the game
[11:19:44] [Server thread/INFO]: Jay_V0[/192.168.223.69:50914] logged in with entity id 602 at ([world]374.11685408378344, 71.0, -584.0424819316321)
[11:19:48] [Server thread/INFO]: Jay_V0 issued server command: /queue
[11:20:18] [Server thread/INFO]: Jay_V0 issued server command: /queue
[11:20:35] [Server thread/INFO]: Jay_V0 issued server command: /queue
[11:20:37] [Server thread/INFO]: Jay_V0 issued server command: /queue
[11:20:43] [Server thread/INFO]: Jay_V0 issued server command: /op Amigapower2018
[11:20:43] [Server thread/INFO]: [Jay_V0: Made Amigapower2018 a server operator]
[11:22:13] [Server thread/INFO]: Jay_V0 lost connection: Disconnected
[11:22:13] [Server thread/INFO]: Jay_V0 left the game
[11:22:21] [User Authenticator #1/INFO]: UUID of player Jay_V0 is 9c61a572-30f1-42cb-a4d4-baf9f91471ee
[11:22:21] [Server thread/INFO]: Jay_V0 joined the game
[11:22:21] [Server thread/INFO]: Jay_V0[/192.168.223.69:50935] logged in with entity id 1332 at ([world]386.74680387452185, 71.0, -579.2453402733547)
[11:22:25] [Server thread/INFO]: Jay_V0 lost connection: Disconnected
[11:22:25] [Server thread/INFO]: Jay_V0 left the game
[11:23:11] [User Authenticator #1/INFO]: UUID of player Jay_V0 is 9c61a572-30f1-42cb-a4d4-baf9f91471ee
[11:23:11] [Server thread/INFO]: Jay_V0 joined the game
[11:23:11] [Server thread/INFO]: Jay_V0[/192.168.223.69:51004] logged in with entity id 1339 at ([world]386.74680387452185, 71.0, -579.2453402733547)
[11:23:39] [Server thread/INFO]: Jay_V0 issued server command: /queue
[11:23:45] [Server thread/INFO]: Jay_V0 issued server command: /queue
[11:23:57] [Server thread/INFO]: Jay_V0 issued server command: /gamemode survival
[11:24:19] [Server thread/INFO]: Jay_V0 lost connection: Disconnected
[11:24:19] [Server thread/INFO]: Jay_V0 left the game
